Return-Path: <amd-gfx-bounces@lists.freedesktop.org>
Delivered-To: lists+amd-gfx@lfdr.de
Received: from mail.lfdr.de
	by lfdr with LMTP
	id 0KPNGLuihGmI3wMAu9opvQ
	(envelope-from <amd-gfx-bounces@lists.freedesktop.org>)
	for <lists+amd-gfx@lfdr.de>; Thu, 05 Feb 2026 15:01:31 +0100
X-Original-To: lists+amd-gfx@lfdr.de
Received: from gabe.freedesktop.org (gabe.freedesktop.org [131.252.210.177])
	by mail.lfdr.de (Postfix) with ESMTPS id D32A3F3AD0
	for <lists+amd-gfx@lfdr.de>; Thu, 05 Feb 2026 15:01:24 +0100 (CET)
Received: from gabe.freedesktop.org (localhost [127.0.0.1])
	by gabe.freedesktop.org (Postfix) with ESMTP id 3241A10E8B9;
	Thu,  5 Feb 2026 14:01:20 +0000 (UTC)
Authentication-Results: gabe.freedesktop.org;
	dkim=pass (2048-bit key; unprotected) header.d=gmail.com header.i=@gmail.com header.b="SXtXe/Oo";
	dkim-atps=neutral
X-Original-To: amd-gfx@lists.freedesktop.org
Delivered-To: amd-gfx@lists.freedesktop.org
Received: from mail-yx1-f41.google.com (mail-yx1-f41.google.com
 [74.125.224.41])
 by gabe.freedesktop.org (Postfix) with ESMTPS id E07E310E229
 for <amd-gfx@lists.freedesktop.org>; Thu,  5 Feb 2026 06:12:57 +0000 (UTC)
Received: by mail-yx1-f41.google.com with SMTP id
 956f58d0204a3-649ba337157so53498d50.2
 for <amd-gfx@lists.freedesktop.org>; Wed, 04 Feb 2026 22:12:57 -0800 (PST)
ARC-Seal: i=1; a=rsa-sha256; t=1770271976; cv=none;
 d=google.com; s=arc-20240605;
 b=Ugn2VJUrJSAcEhmphJjsSf1A/ZxLnn4Ab1ROJ+kT6mvOzTGJyxj2hkVN3NCe5qTgeN
 HjDlJpVsaL1s2ozt8ReaLeQxWnlI+lIAGYe8b3XQ7hN562w/PxS9JWcLkvFSy2Y7s3EU
 tqHCHBGPOIcLTKWEFu+O0WKkko8d+tBn+iRIPjhdGXfC0HHbyEI38RFGgux60jiDqYtx
 TSPs9ZnLiV3LCa2+0yttzH4QZleH0Y+MtEfsu3cus30epk2PhlYSJCZGeDqvrcDOCvjx
 HuJNwx1aAYw5DJt9ESJp1dmWY8wTxH6D/9L9GyWhNYI3YqpAE1kNCXzuhKmHlAp9SIcP
 Zv+w==
ARC-Message-Signature: i=1; a=rsa-sha256; c=relaxed/relaxed; d=google.com;
 s=arc-20240605; 
 h=cc:to:subject:message-id:date:from:in-reply-to:references
 :mime-version:dkim-signature;
 bh=JXLBvcfnmwhrtpMnKC5p6uPW1FT3ie0KOZbGUjH36vU=;
 fh=aEbeo1SK68HH/SEmFhzP5622h69LsKW2mwuhb5YQPQI=;
 b=ldhu0LtMSCFHMeLq3dn0/rHw9ctKVJqqqYiZ1a1auaoI4z9QtwlhzpU0S/RrSwS/KV
 ZmXoMBY2nbZ4TTj1l/yRTv4SoqzcVzv/EIfM/lBflLBIzEAGgnvRCryklfNF3YhvdvjF
 u3pFe8y1u46tg6UjE3UAoJPQtYTXJZPzhtwaYqbk0/kxEVzNUHUKdGzS7VNCsBUKJ1bs
 2a7PfQX/Cr/tD0oU2Yg0t4IQo2gC1hqsxd9ZPzvkz43d3Li5KcKu+yjtFRrKYUm13C4i
 w12J9EjvEGosBXvDJnWY3RTRVmo3dSgLMP7P+Q34nvDqx/JbRFWOOaVKh8ix6E++I1l5
 +0vw==; darn=lists.freedesktop.org
ARC-Authentication-Results: i=1; mx.google.com; arc=none
DKIM-Signature: v=1; a=rsa-sha256; c=relaxed/relaxed;
 d=gmail.com; s=20230601; t=1770271976; x=1770876776; darn=lists.freedesktop.org;
 h=cc:to:subject:message-id:date:from:in-reply-to:references
 :mime-version:from:to:cc:subject:date:message-id:reply-to;
 bh=JXLBvcfnmwhrtpMnKC5p6uPW1FT3ie0KOZbGUjH36vU=;
 b=SXtXe/OoVvqvgSymltHEOUPwwVdrBdQ4TLAN59PoAuo2+sJS1UYNqMSJD83BgiudQT
 gUgjucD1uO26t1xpgvV4E4vT4MMyIKmoWLCnn23bBn69uNS58n2NDpHHkZ523k2x7CMO
 OKYjbyfNtbE5Od3H2nPLuDv0c3Ax95WbrjhPY/v/bwumCe4JJvKrWvZfaPxpXB9LLUEG
 czxhpBDMzoQeErmx+EuShwKJGjCrlgxGDT1n8ClmEArFeXSMybSSvmkkmGPj9XbEUEc5
 Qg154ngEi7AG0KOwgrrLuQVgg8WyF7hU/QxolGQTLBLVnFLgXmkO3CWBmIbO8UTMFMmf
 ofXg==
X-Google-DKIM-Signature: v=1; a=rsa-sha256; c=relaxed/relaxed;
 d=1e100.net; s=20230601; t=1770271976; x=1770876776;
 h=cc:to:subject:message-id:date:from:in-reply-to:references
 :mime-version:x-gm-gg:x-gm-message-state:from:to:cc:subject:date
 :message-id:reply-to;
 bh=JXLBvcfnmwhrtpMnKC5p6uPW1FT3ie0KOZbGUjH36vU=;
 b=sVsqHzTA5oLKk1ydTnwPb2Qy5VJu38yfH0TSTHRSX4X7OvXV3KNJn+jqBt2HicRHjL
 uTIymtorGwS5kZtLhN4+HfVruhns6JTRW/PZMySmdAFz+jCSFNlEt+t7S8b7lVcZu96N
 qZKlBVGbU6qSnkCciArytSX/9QYPgWwRVoqXWgdcncXRVgHs74TINiO2+oOOoNHl3btU
 P2acqJIyajGY6YPho0a+nYMeKanB84riraeQOT1YTGYbwUqGURprDSiMoQK+PiQGyAPH
 FLb2hdK7r34MUooTO6nZb66egzKEqfOHjBpJPbzzMsTV8c+dzJdVsD9U6iFMEL42yJ8F
 aoyQ==
X-Gm-Message-State: AOJu0YzyFc5NSFFmcT+CPrHQt8Q7P9W/VMk8v84Fe8/p0XScTaKolZLP
 oCHmBybEHDzHArGArVry3NzKYURsG61uVD2JaAG8gBKs9uf/Grfzcbi7+zIplqB9EJ+ssbF23M2
 fqxeJWaG1ulsPyjR2ZAlHnsunfYzD0Xw=
X-Gm-Gg: AZuq6aLBVZSbfMfwZeHSFJmuag+LPtKiiBXGxD/5CCa6+7faqKFnkrDgCK//G6eJVxT
 eIc1MIODD6PGBna1UGmQyBpWeupB41ZyVYrwVsPhRMz6QGLtju9p52+cSByvCOEfEwmc5S8EE9F
 RhAYe+aFqcaOX3DrNAftyhBFNra25GkHlzDLxrM5R5qxNzCE0ec1/g4bdF+b/WNDuzTt/KAxvty
 JiO971yZxtKKaoXCGsuy2w62kN1LGp4rlN//PUqB++Pr6o/byFbM2LRLj2P+DyMyiXBHp49XYkO
 KHO2uUt7NnEc3JL7xDXPBK0tyWI=
X-Received: by 2002:a05:690e:b8b:b0:649:b31e:8f5a with SMTP id
 956f58d0204a3-649db4bd38amr4070962d50.8.1770271974592; Wed, 04 Feb 2026
 22:12:54 -0800 (PST)
MIME-Version: 1.0
References: <CAKR_QVJBiwDrUiJh5BGS-1tU4n6B-DbpA1ebTa+DF=F5kAzaTA@mail.gmail.com>
 <CADnq5_M4kkqsWnTQVuXVitqZR_UUzgmqZSqVPy+E8sgpbXHb8A@mail.gmail.com>
In-Reply-To: <CADnq5_M4kkqsWnTQVuXVitqZR_UUzgmqZSqVPy+E8sgpbXHb8A@mail.gmail.com>
From: Tom Psyborg <pozega.tomislav@gmail.com>
Date: Thu, 5 Feb 2026 07:12:38 +0100
X-Gm-Features: AZwV_QiqKpfAIt0iUqRk9iiXV0X0uI1P8BEcFm-5DWsbYQbmOHOLirMuf_tJz1E
Message-ID: <CAKR_QVKOYvbKzqWT43x9smSj4M7jJB8Lq6=qhs5rj3R43_Fgyw@mail.gmail.com>
Subject: Re: UVD not responding, kiq_0.2.1.0 test failed on suspend
To: Alex Deucher <alexdeucher@gmail.com>
Cc: amd-gfx list <amd-gfx@lists.freedesktop.org>
Content-Type: multipart/alternative; boundary="000000000000339502064a0d901c"
X-Mailman-Approved-At: Thu, 05 Feb 2026 14:01:18 +0000
X-BeenThere: amd-gfx@lists.freedesktop.org
X-Mailman-Version: 2.1.29
Precedence: list
List-Id: Discussion list for AMD gfx <amd-gfx.lists.freedesktop.org>
List-Unsubscribe: <https://lists.freedesktop.org/mailman/options/amd-gfx>,
 <mailto:amd-gfx-request@lists.freedesktop.org?subject=unsubscribe>
List-Archive: <https://lists.freedesktop.org/archives/amd-gfx>
List-Post: <mailto:amd-gfx@lists.freedesktop.org>
List-Help: <mailto:amd-gfx-request@lists.freedesktop.org?subject=help>
List-Subscribe: <https://lists.freedesktop.org/mailman/listinfo/amd-gfx>,
 <mailto:amd-gfx-request@lists.freedesktop.org?subject=subscribe>
Errors-To: amd-gfx-bounces@lists.freedesktop.org
Sender: "amd-gfx" <amd-gfx-bounces@lists.freedesktop.org>
X-Rspamd-Server: lfdr
X-Spamd-Result: default: False [-2.31 / 15.00];
	ARC_ALLOW(-1.00)[google.com:s=arc-20240605:i=1];
	DMARC_POLICY_ALLOW(-0.50)[gmail.com,none];
	R_DKIM_ALLOW(-0.20)[gmail.com:s=20230601];
	MAILLIST(-0.20)[mailman];
	R_SPF_ALLOW(-0.20)[+ip4:131.252.210.177:c];
	MIME_GOOD(-0.10)[multipart/alternative,text/plain];
	RWL_MAILSPIKE_GOOD(-0.10)[131.252.210.177:from];
	HAS_LIST_UNSUB(-0.01)[];
	RCVD_TLS_LAST(0.00)[];
	TO_DN_ALL(0.00)[];
	FORGED_RECIPIENTS(0.00)[m:alexdeucher@gmail.com,s:lists@lfdr.de];
	RCVD_COUNT_THREE(0.00)[3];
	FROM_HAS_DN(0.00)[];
	FREEMAIL_TO(0.00)[gmail.com];
	FORWARDED(0.00)[amd-gfx@lists.freedesktop.org];
	MIME_TRACE(0.00)[0:+,1:+,2:~];
	RCPT_COUNT_TWO(0.00)[2];
	FORGED_SENDER_MAILLIST(0.00)[];
	RSPAMD_URIBL_FAIL(0.00)[archlinux:query timed out,254.166.208.0:query timed out,0.0.0.0:query timed out,linux.dev:query timed out];
	FORGED_SENDER(0.00)[pozegatomislav@gmail.com,amd-gfx-bounces@lists.freedesktop.org];
	TAGGED_FROM(0.00)[];
	FORGED_RECIPIENTS_MAILLIST(0.00)[];
	FREEMAIL_FROM(0.00)[gmail.com];
	DBL_PROHIBIT(0.00)[254.166.208.0:email];
	NEURAL_HAM(-0.00)[-1.000];
	PREVIOUSLY_DELIVERED(0.00)[amd-gfx@lists.freedesktop.org];
	FROM_NEQ_ENVFROM(0.00)[pozegatomislav@gmail.com,amd-gfx-bounces@lists.freedesktop.org];
	FORGED_SENDER_FORWARDING(0.00)[];
	DKIM_TRACE(0.00)[gmail.com:+];
	MID_RHS_MATCH_FROMTLD(0.00)[];
	TAGGED_RCPT(0.00)[amd-gfx];
	RSPAMD_EMAILBL_FAIL(0.00)[user-runtime-dir.0.0.0.0:query timed out,pozegatomislav.gmail.com:query timed out];
	FORGED_RECIPIENTS_FORWARDING(0.00)[];
	MISSING_XM_UA(0.00)[];
	ASN(0.00)[asn:6366, ipnet:131.252.0.0/16, country:US];
	DBL_BLOCKED_OPENRESOLVER(0.00)[mail.gmail.com:mid,0.0.0.0:email,linux.dev:email]
X-Rspamd-Queue-Id: D32A3F3AD0
X-Rspamd-Action: no action

--000000000000339502064a0d901c
Content-Type: text/plain; charset="UTF-8"
Content-Transfer-Encoding: quoted-printable

On Wed, 4 Feb 2026 at 16:46, Alex Deucher <alexdeucher@gmail.com> wrote:

> On Wed, Feb 4, 2026 at 3:10=E2=80=AFAM Tom Psyborg <pozega.tomislav@gmail=
.com>
> wrote:
> >
> > Hi
> >
> > I try live boot of ubuntu 26.04 snapshot 3 (6.18.0-9) on dell inspiron
> 5576 with RX460 dGPU, everything seems ok, until i try to put system to
> sleep:
> > (sleep/suspend worked fine on ubuntu 22.04 last time i checked and it
> works fine in windows)
>
> Can you bisect or at least narrow down when this broke?
>
> Alex
>
>
>
6.14.0-27-generic (ubuntu mate 24.04) still good

6.15.4-arch2-1 driver crash


[    0.000000] Linux version 6.15.4-arch2-1 (linux@archlinux) (gcc (GCC)
15.1.1 20250425, GNU ld (GNU Binutils) 2.44.0) #1 SMP PREEMPT_DYNAMIC Fri,
27 Jun 2025 16:35:07 +0000
[    0.000000] Command line: BOOT_IMAGE=3D/arch/boot/x86_64/vmlinuz-linux
archisobasedir=3Darch archisosearchuuid=3D2025-07-01-17-34-06-00
initrd=3D/arch/boot/x86_64/initramfs-linux.img
[    0.000000] [Firmware Info]: CPU: Re-enabling disabled Topology
Extensions Support.
[    0.000000] BIOS-provided physical RAM map:
[    0.000000] BIOS-e820: [mem 0x0000000000000000-0x000000000009d7ff] usabl=
e
[    0.000000] BIOS-e820: [mem 0x000000000009d800-0x000000000009ffff]
reserved
[    0.000000] BIOS-e820: [mem 0x00000000000e0000-0x00000000000fffff]
reserved
[    0.000000] BIOS-e820: [mem 0x0000000000100000-0x00000000cc96efff] usabl=
e
[    0.000000] BIOS-e820: [mem 0x00000000cc96f000-0x00000000cd420fff]
reserved
[    0.000000] BIOS-e820: [mem 0x00000000cd421000-0x00000000cd452fff] ACPI
data
[    0.000000] BIOS-e820: [mem 0x00000000cd453000-0x00000000cd8e2fff] ACPI
NVS
[    0.000000] BIOS-e820: [mem 0x00000000cd8e3000-0x00000000cdbe3fff]
reserved
[    0.000000] BIOS-e820: [mem 0x00000000cdbe4000-0x00000000ceffffff] usabl=
e
[    0.000000] BIOS-e820: [mem 0x00000000cf000000-0x00000000cfffffff]
reserved
[    0.000000] BIOS-e820: [mem 0x00000000f8000000-0x00000000fbffffff]
reserved
[    0.000000] BIOS-e820: [mem 0x00000000fe200000-0x00000000fe200fff]
reserved
[    0.000000] BIOS-e820: [mem 0x00000000fe600000-0x00000000fe6fffff]
reserved
[    0.000000] BIOS-e820: [mem 0x00000000feb80000-0x00000000fec01fff]
reserved
[    0.000000] BIOS-e820: [mem 0x00000000fec10000-0x00000000fec10fff]
reserved
[    0.000000] BIOS-e820: [mem 0x00000000fed00000-0x00000000fed00fff]
reserved
[    0.000000] BIOS-e820: [mem 0x00000000fed40000-0x00000000fed44fff]
reserved
[    0.000000] BIOS-e820: [mem 0x00000000fed80000-0x00000000fed8ffff]
reserved
[    0.000000] BIOS-e820: [mem 0x00000000fedc0000-0x00000000fedc0fff]
reserved
[    0.000000] BIOS-e820: [mem 0x00000000fedc2000-0x00000000fedc8fff]
reserved
[    0.000000] BIOS-e820: [mem 0x00000000fee00000-0x00000000feefffff]
reserved
[    0.000000] BIOS-e820: [mem 0x00000000ff000000-0x00000000ffffffff]
reserved
[    0.000000] BIOS-e820: [mem 0x0000000100000000-0x00000003aeffffff] usabl=
e
[    0.000000] BIOS-e820: [mem 0x00000003af000000-0x000000042effffff]
reserved
[    0.000000] NX (Execute Disable) protection: active
[    0.000000] APIC: Static calls initialized
[    0.000000] SMBIOS 3.0.0 present.
[    0.000000] DMI: Dell Inc. Inspiron 5576/0JW8XC, BIOS 1.0.7 01/29/2018
[    0.000000] DMI: Memory slots populated: 2/2
[    0.000000] tsc: Fast TSC calibration using PIT
[    0.000000] tsc: Detected 2999.703 MHz processor
[    0.000869] e820: update [mem 0x00000000-0x00000fff] usable =3D=3D> rese=
rved
[    0.000872] e820: remove [mem 0x000a0000-0x000fffff] usable
[    0.000883] last_pfn =3D 0x3af000 max_arch_pfn =3D 0x400000000
[    0.000892] total RAM covered: 3312M
[    0.001089] Found optimal setting for mtrr clean up
[    0.001089]  gran_size: 64K chunk_size: 32M num_reg: 4   lose cover RAM:
0G
[    0.001095] MTRR map: 6 entries (3 fixed + 3 variable; max 20), built
from 9 variable MTRRs
[    0.001097] x86/PAT: Configuration [0-7]: WB  WC  UC- UC  WB  WP  UC- WT

[    0.001312] e820: update [mem 0xcf000000-0xffffffff] usable =3D=3D> rese=
rved
[    0.001322] last_pfn =3D 0xcf000 max_arch_pfn =3D 0x400000000
[    0.005489] found SMP MP-table at [mem 0x000fcbd0-0x000fcbdf]
[    0.005509] Using GB pages for direct mapping
[    0.005830] RAMDISK: [mem 0x766a2000-0x7fffffff]
[    0.006745] ACPI: Early table checksum verification disabled
[    0.006749] ACPI: RSDP 0x00000000000F05B0 000024 (v02 DELL  )
[    0.006753] ACPI: XSDT 0x00000000CD43C090 0000A4 (v01 DELL   QA09
01072009 AMI  00010013)
[    0.006760] ACPI: FACP 0x00000000CD445ED0 00010C (v05 DELL   QA09
01072009 AMI  00010013)
[    0.006765] ACPI BIOS Warning (bug): Optional FADT field Pm2ControlBlock
has valid Length but zero Address: 0x0000000000000000/0x1
(20240827/tbfadt-611)
[    0.006769] ACPI: DSDT 0x00000000CD43C1C8 009D08 (v02 DELL   QA09
01072009 INTL 20120913)
[    0.006773] ACPI: FACS 0x00000000CD8E1CC0 000040
[    0.006775] ACPI: APIC 0x00000000CD445FE0 00007E (v03 DELL   QA09
01072009 AMI  00010013)
[    0.006778] ACPI: FPDT 0x00000000CD446060 000044 (v01 DELL   QA09
01072009 AMI  00010013)
[    0.006781] ACPI: FIDT 0x00000000CD4460A8 00009C (v01 DELL   QA09
01072009 AMI  00010013)
[    0.006784] ACPI: MCFG 0x00000000CD446148 00003C (v01 DELL   QA09
01072009 MSFT 00010013)
[    0.006786] ACPI: BOOT 0x00000000CD446188 000028 (v01 DELL   QA09
01072009 AMI  00010013)
[    0.006789] ACPI: SLIC 0x00000000CD4461B0 000176 (v01 DELL   QA09
01072009 AMI  00010013)
[    0.006791] ACPI: HPET 0x00000000CD446328 000038 (v01 DELL   QA09
01072009 AMI  00000005)
[    0.006794] ACPI: UEFI 0x00000000CD446360 000042 (v01
00000000      00000000)
[    0.006796] ACPI: MSDM 0x00000000CD4463A8 000055 (v03 DELL   QA09
01072009 AMI  00010013)
[    0.006799] ACPI: IVRS 0x00000000CD446400 0000D0 (v02 AMD    AGESA
 00000001 AMD  00000000)
[    0.006801] ACPI: SSDT 0x00000000CD4464D0 00888F (v02 AMD    AGESA
 00000002 MSFT 04000000)
[    0.006804] ACPI: CRAT 0x00000000CD44ED60 0005A0 (v01 AMD    AGESA
 00000001 AMD  00000001)
[    0.006807] ACPI: SSDT 0x00000000CD44F300 001587 (v01 AMD    CPMDFIGP
00000001 INTL 20120913)
[    0.006809] ACPI: SSDT 0x00000000CD450888 000A71 (v01 AMD    CPMDFDGP
00000001 INTL 20120913)
[    0.006812] ACPI: SSDT 0x00000000CD451300 00165E (v01 AMD    CPMCMN
00000001 INTL 20120913)
[    0.006814] ACPI: Reserving FACP table memory at [mem
0xcd445ed0-0xcd445fdb]
[    0.006816] ACPI: Reserving DSDT table memory at [mem
0xcd43c1c8-0xcd445ecf]
[    0.006817] ACPI: Reserving FACS table memory at [mem
0xcd8e1cc0-0xcd8e1cff]
[    0.006818] ACPI: Reserving APIC table memory at [mem
0xcd445fe0-0xcd44605d]
[    0.006819] ACPI: Reserving FPDT table memory at [mem
0xcd446060-0xcd4460a3]
[    0.006820] ACPI: Reserving FIDT table memory at [mem
0xcd4460a8-0xcd446143]
[    0.006820] ACPI: Reserving MCFG table memory at [mem
0xcd446148-0xcd446183]
[    0.006821] ACPI: Reserving BOOT table memory at [mem
0xcd446188-0xcd4461af]
[    0.006822] ACPI: Reserving SLIC table memory at [mem
0xcd4461b0-0xcd446325]
[    0.006823] ACPI: Reserving HPET table memory at [mem
0xcd446328-0xcd44635f]
[    0.006824] ACPI: Reserving UEFI table memory at [mem
0xcd446360-0xcd4463a1]
[    0.006825] ACPI: Reserving MSDM table memory at [mem
0xcd4463a8-0xcd4463fc]
[    0.006826] ACPI: Reserving IVRS table memory at [mem
0xcd446400-0xcd4464cf]
[    0.006827] ACPI: Reserving SSDT table memory at [mem
0xcd4464d0-0xcd44ed5e]
[    0.006828] ACPI: Reserving CRAT table memory at [mem
0xcd44ed60-0xcd44f2ff]
[    0.006828] ACPI: Reserving SSDT table memory at [mem
0xcd44f300-0xcd450886]
[    0.006829] ACPI: Reserving SSDT table memory at [mem
0xcd450888-0xcd4512f8]
[    0.006830] ACPI: Reserving SSDT table memory at [mem
0xcd451300-0xcd45295d]
[    0.006900] No NUMA configuration found
[    0.006901] Faking a node at [mem 0x0000000000000000-0x00000003aeffffff]
[    0.006910] NODE_DATA(0) allocated [mem 0x3aefd5280-0x3aeffffff]
[    0.007154] Zone ranges:
[    0.007155]   DMA      [mem 0x0000000000001000-0x0000000000ffffff]
[    0.007158]   DMA32    [mem 0x0000000001000000-0x00000000ffffffff]
[    0.007159]   Normal   [mem 0x0000000100000000-0x00000003aeffffff]
[    0.007160]   Device   empty
[    0.007161] Movable zone start for each node
[    0.007163] Early memory node ranges
[    0.007163]   node   0: [mem 0x0000000000001000-0x000000000009cfff]
[    0.007165]   node   0: [mem 0x0000000000100000-0x00000000cc96efff]
[    0.007166]   node   0: [mem 0x00000000cdbe4000-0x00000000ceffffff]
[    0.007167]   node   0: [mem 0x0000000100000000-0x00000003aeffffff]
[    0.007169] Initmem setup node 0 [mem
0x0000000000001000-0x00000003aeffffff]
[    0.007175] On node 0, zone DMA: 1 pages in unavailable ranges
[    0.007204] On node 0, zone DMA: 99 pages in unavailable ranges
[    0.016295] On node 0, zone DMA32: 4725 pages in unavailable ranges
[    0.046733] On node 0, zone Normal: 4096 pages in unavailable ranges
[    0.046780] On node 0, zone Normal: 4096 pages in unavailable ranges
[    0.046889] ACPI: PM-Timer IO Port: 0x808
[    0.046897] ACPI: LAPIC_NMI (acpi_id[0xff] high edge lint[0x1])
[    0.046907] IOAPIC[0]: apic_id 0, version 33, address 0xfec00000, GSI
0-23
[    0.046910] IOAPIC[1]: apic_id 1, version 33, address 0xfec01000, GSI
24-55
[    0.046913] ACPI: INT_SRC_OVR (bus 0 bus_irq 0 global_irq 2 dfl dfl)
[    0.046915] ACPI: INT_SRC_OVR (bus 0 bus_irq 9 global_irq 9 low level)
[    0.046919] ACPI: Using ACPI (MADT) for SMP configuration information
[    0.046920] ACPI: HPET id: 0x10228201 base: 0xfed00000
[    0.046934] CPU topo: Max. logical packages:   1
[    0.046935] CPU topo: Max. logical dies:       1
[    0.046936] CPU topo: Max. dies per package:   1
[    0.046947] CPU topo: Max. threads per core:   1
[    0.046948] CPU topo: Num. cores per package:     4
[    0.046948] CPU topo: Num. threads per package:   4
[    0.046949] CPU topo: Allowing 4 present CPUs plus 0 hotplug CPUs
[    0.046968] PM: hibernation: Registered nosave memory: [mem
0x00000000-0x00000fff]
[    0.046970] PM: hibernation: Registered nosave memory: [mem
0x0009d000-0x000fffff]
[    0.046971] PM: hibernation: Registered nosave memory: [mem
0xcc96f000-0xcdbe3fff]
[    0.046973] PM: hibernation: Registered nosave memory: [mem
0xcf000000-0xffffffff]
[    0.046975] [mem 0xd0000000-0xf7ffffff] available for PCI devices
[    0.046976] Booting paravirtualized kernel on bare hardware
[    0.046979] clocksource: refined-jiffies: mask: 0xffffffff max_cycles:
0xffffffff, max_idle_ns: 1910969940391419 ns
[    0.052230] setup_percpu: NR_CPUS:8192 nr_cpumask_bits:4 nr_cpu_ids:4
nr_node_ids:1
[    0.052722] percpu: Embedded 62 pages/cpu s217088 r8192 d28672 u524288
[    0.052728] pcpu-alloc: s217088 r8192 d28672 u524288 alloc=3D1*2097152
[    0.052731] pcpu-alloc: [0] 0 1 2 3
[    0.052749] Kernel command line:
BOOT_IMAGE=3D/arch/boot/x86_64/vmlinuz-linux archisobasedir=3Darch
archisosearchuuid=3D2025-07-01-17-34-06-00
initrd=3D/arch/boot/x86_64/initramfs-linux.img
[    0.052836] Unknown kernel command line parameters
"BOOT_IMAGE=3D/arch/boot/x86_64/vmlinuz-linux archisobasedir=3Darch
archisosearchuuid=3D2025-07-01-17-34-06-00", will be passed to user space.
[    0.052859] random: crng init done
[    0.052860] printk: log buffer data + meta data: 131072 + 458752 =3D
589824 bytes
[    0.055642] Dentry cache hash table entries: 2097152 (order: 12,
16777216 bytes, linear)
[    0.057050] Inode-cache hash table entries: 1048576 (order: 11, 8388608
bytes, linear)
[    0.057128] software IO TLB: area num 4.
[    0.079753] Fallback order for Node 0: 0
[    0.079758] Built 1 zonelists, mobility grouping on.  Total pages:
3656999
[    0.079760] Policy zone: Normal
[    0.080175] mem auto-init: stack:all(zero), heap alloc:on, heap free:off
[    0.131696] SLUB: HWalign=3D64, Order=3D0-3, MinObjects=3D0, CPUs=3D4, N=
odes=3D1
[    0.143929] ftrace: allocating 55579 entries in 220 pages
[    0.143933] ftrace: allocated 220 pages with 5 groups
[    0.144049] Dynamic Preempt: full
[    0.144094] rcu: Preemptible hierarchical RCU implementation.
[    0.144096] rcu: RCU restricting CPUs from NR_CPUS=3D8192 to nr_cpu_ids=
=3D4.
[    0.144097] rcu: RCU priority boosting: priority 1 delay 500 ms.
[    0.144098] Trampoline variant of Tasks RCU enabled.
[    0.144099] Rude variant of Tasks RCU enabled.
[    0.144099] Tracing variant of Tasks RCU enabled.
[    0.144100] rcu: RCU calculated value of scheduler-enlistment delay is
100 jiffies.
[    0.144101] rcu: Adjusting geometry for rcu_fanout_leaf=3D16, nr_cpu_ids=
=3D4
[    0.144108] RCU Tasks: Setting shift to 2 and lim to 1
rcu_task_cb_adjust=3D1 rcu_task_cpu_ids=3D4.
[    0.144111] RCU Tasks Rude: Setting shift to 2 and lim to 1
rcu_task_cb_adjust=3D1 rcu_task_cpu_ids=3D4.
[    0.144112] RCU Tasks Trace: Setting shift to 2 and lim to 1
rcu_task_cb_adjust=3D1 rcu_task_cpu_ids=3D4.
[    0.150599] NR_IRQS: 524544, nr_irqs: 1000, preallocated irqs: 16
[    0.150819] rcu: srcu_init: Setting srcu_struct sizes based on
contention.
[    0.150952] kfence: initialized - using 2097152 bytes for 255 objects at
0x(____ptrval____)-0x(____ptrval____)
[    0.153200] Console: colour VGA+ 80x25
[    0.153204] printk: legacy console [tty0] enabled
[    0.153258] ACPI: Core revision 20240827
[    0.153361] clocksource: hpet: mask: 0xffffffff max_cycles: 0xffffffff,
max_idle_ns: 133484873504 ns
[    0.153377] APIC: Switch to symmetric I/O mode setup
[    0.154200] AMD-Vi: Using global IVHD EFR:0x77ef22294ada, EFR2:0x0
[    0.155173] ..TIMER: vector=3D0x30 apic1=3D0 pin1=3D2 apic2=3D-1 pin2=3D=
-1
[    0.159378] clocksource: tsc-early: mask: 0xffffffffffffffff max_cycles:
0x2b3d2cddc5c, max_idle_ns: 440795280308 ns
[    0.159388] Calibrating delay loop (skipped), value calculated using
timer frequency.. 5999.40 BogoMIPS (lpj=3D2999703)
[    0.159407] BIOS may not properly restore RDRAND after suspend, hiding
RDRAND via CPUID. Use rdrand=3Dforce to reenable.
[    0.159439] LVT offset 1 assigned for vector 0xf9
[    0.159448] Last level iTLB entries: 4KB 512, 2MB 1024, 4MB 512
[    0.159449] Last level dTLB entries: 4KB 1024, 2MB 1024, 4MB 512, 1GB 0
[    0.159456] Spectre V1 : Mitigation: usercopy/swapgs barriers and __user
pointer sanitization
[    0.159458] Spectre V2 : Mitigation: Retpolines
[    0.159459] Spectre V2 : Spectre v2 / SpectreRSB: Filling RSB on context
switch and VMEXIT
[    0.159460] Spectre V2 : Enabling Speculation Barrier for firmware calls
[    0.159461] RETBleed: Mitigation: untrained return thunk
[    0.159464] Spectre V2 : mitigation: Enabling conditional Indirect
Branch Prediction Barrier
[    0.159465] Speculative Store Bypass: Mitigation: Speculative Store
Bypass disabled via prctl
[    0.159471] x86/fpu: Supporting XSAVE feature 0x001: 'x87 floating point
registers'
[    0.159473] x86/fpu: Supporting XSAVE feature 0x002: 'SSE registers'
[    0.159474] x86/fpu: Supporting XSAVE feature 0x004: 'AVX registers'
[    0.159476] x86/fpu: xstate_offset[2]:  576, xstate_sizes[2]:  256
[    0.159477] x86/fpu: Enabled xstate features 0x7, context size is 832
bytes, using 'standard' format.
[    0.189276] Freeing SMP alternatives memory: 52K
[    0.189285] pid_max: default: 32768 minimum: 301
[    0.189333] LSM: initializing lsm=3Dcapability,landlock,lockdown,yama,bp=
f
[    0.189424] landlock: Up and running.
[    0.189427] Yama: becoming mindful.
[    0.189659] LSM support for eBPF active
[    0.189717] Mount-cache hash table entries: 32768 (order: 6, 262144
bytes, linear)
[    0.189751] Mountpoint-cache hash table entries: 32768 (order: 6, 262144
bytes, linear)
[    0.292615] smpboot: CPU0: AMD FX-9830P RADEON R7, 12 COMPUTE CORES
4C+8G (family: 0x15, model: 0x65, stepping: 0x1)
[    0.292888] Performance Events: Fam15h core perfctr, AMD PMU driver.
[    0.292895] ... version:                0
[    0.292896] ... bit width:              48
[    0.292897] ... generic registers:      6
[    0.292898] ... value mask:             0000ffffffffffff
[    0.292899] ... max period:             00007fffffffffff
[    0.292900] ... fixed-purpose events:   0
[    0.292901] ... event mask:             000000000000003f
[    0.293018] signal: max sigframe size: 1776
[    0.293061] rcu: Hierarchical SRCU implementation.
[    0.293063] rcu: Max phase no-delay instances is 400.
[    0.293154] Timer migration: 1 hierarchy levels; 8 children per group; 1
crossnode level
[    0.299483] MCE: In-kernel MCE decoding enabled.
[    0.299592] NMI watchdog: Enabled. Permanently consumes one hw-PMU
counter.
[    0.299662] smp: Bringing up secondary CPUs ...
[    0.299804] smpboot: x86: Booting SMP configuration:
[    0.299806] .... node  #0, CPUs:      #1 #2 #3
[    0.304460] smp: Brought up 1 node, 4 CPUs
[    0.304477] smpboot: Total of 4 processors activated (23997.62 BogoMIPS)
[    0.305320] Memory: 14075928K/14627996K available (19692K kernel code,
2940K rwdata, 16520K rodata, 4632K init, 5036K bss, 538880K reserved, 0K
cma-reserved)
[    0.306469] devtmpfs: initialized
[    0.306500] x86/mm: Memory block size: 128MB
[    0.308422] ACPI: PM: Registering ACPI NVS region [mem
0xcd453000-0xcd8e2fff] (4784128 bytes)
[    0.308547] clocksource: jiffies: mask: 0xffffffff max_cycles:
0xffffffff, max_idle_ns: 1911260446275000 ns
[    0.308547] posixtimers hash table entries: 2048 (order: 3, 32768 bytes,
linear)
[    0.308547] futex hash table entries: 1024 (order: 4, 65536 bytes,
linear)
[    0.308607] pinctrl core: initialized pinctrl subsystem
[    0.309425] PM: RTC time: 06:54:35, date: 2026-02-05
[    0.310701] NET: Registered PF_NETLINK/PF_ROUTE protocol family
[    0.311317] DMA: preallocated 2048 KiB GFP_KERNEL pool for atomic
allocations
[    0.311799] DMA: preallocated 2048 KiB GFP_KERNEL|GFP_DMA pool for
atomic allocations
[    0.312191] DMA: preallocated 2048 KiB GFP_KERNEL|GFP_DMA32 pool for
atomic allocations
[    0.312213] audit: initializing netlink subsys (disabled)
[    0.312417] audit: type=3D2000 audit(1770274474.159:1): state=3Dinitiali=
zed
audit_enabled=3D0 res=3D1
[    0.312554] thermal_sys: Registered thermal governor 'fair_share'
[    0.312558] thermal_sys: Registered thermal governor 'bang_bang'
[    0.312560] thermal_sys: Registered thermal governor 'step_wise'
[    0.312561] thermal_sys: Registered thermal governor 'user_space'
[    0.312562] thermal_sys: Registered thermal governor 'power_allocator'
[    0.312571] cpuidle: using governor ladder
[    0.312571] cpuidle: using governor menu
[    0.312571] Simple Boot Flag at 0x47 set to 0x1
[    0.312598] ACPI FADT declares the system doesn't support PCIe ASPM, so
disable it
[    0.312600] acpiphp: ACPI Hot Plug PCI Controller Driver version: 0.5
[    0.312725] PCI: ECAM [mem 0xf8000000-0xfbffffff] (base 0xf8000000) for
domain 0000 [bus 00-3f]
[    0.312742] PCI: Using configuration type 1 for base access
[    0.313465] kprobes: kprobe jump-optimization is enabled. All kprobes
are optimized if possible.
[    0.313548] HugeTLB: allocation took 0ms with
hugepage_allocation_threads=3D1
[    0.313548] HugeTLB: registered 1.00 GiB page size, pre-allocated 0 page=
s
[    0.313548] HugeTLB: 16380 KiB vmemmap can be freed for a 1.00 GiB page
[    0.313548] HugeTLB: registered 2.00 MiB page size, pre-allocated 0 page=
s
[    0.313548] HugeTLB: 28 KiB vmemmap can be freed for a 2.00 MiB page
[    0.314566] raid6: skipped pq benchmark and selected avx2x4
[    0.314566] raid6: using avx2x2 recovery algorithm
[    0.314566] ACPI: Added _OSI(Module Device)
[    0.314566] ACPI: Added _OSI(Processor Device)
[    0.314566] ACPI: Added _OSI(Processor Aggregator Device)
[    0.328355] ACPI: 5 ACPI AML tables successfully acquired and loaded
[    0.334670] ACPI: EC: EC started
[    0.334675] ACPI: EC: interrupt blocked
[    0.336252] ACPI: EC: EC_CMD/EC_SC=3D0x66, EC_DATA=3D0x62
[    0.336255] ACPI: \_SB_.PCI0.SBRG.EC__: Boot DSDT EC used to handle
transactions
[    0.336258] ACPI: Interpreter enabled
[    0.336282] ACPI: PM: (supports S0 S3 S4 S5)
[    0.336284] ACPI: Using IOAPIC for interrupt routing
[    0.337072] PCI: Using host bridge windows from ACPI; if necessary, use
"pci=3Dnocrs" and report a bug
[    0.337074] PCI: Using E820 reservations for host bridge windows
[    0.337348] ACPI: Enabled 3 GPEs in block 00 to 1F
[    0.340650] ACPI: \_SB_.P0ST: New power resource
[    0.340687] ACPI: \_SB_.P3ST: New power resource
[    0.341140] ACPI: \_SB_.P0U2: New power resource
[    0.341175] ACPI: \_SB_.P3U2: New power resource
[    0.341532] ACPI: \_SB_.P0U3: New power resource
[    0.341562] ACPI: \_SB_.P3U3: New power resource
[    0.342546] ACPI: \_SB_.P0SD: New power resource
[    0.342572] ACPI: \_SB_.P3SD: New power resource
[    0.365088] ACPI: PCI Root Bridge [PCI0] (domain 0000 [bus 00-ff])
[    0.365100] acpi PNP0A08:00: _OSC: OS supports [ExtendedConfig ASPM
ClockPM Segments MSI EDR HPX-Type3]
[    0.365193] acpi PNP0A08:00: _OSC: platform does not support
[SHPCHotplug LTR DPC]
[    0.365342] acpi PNP0A08:00: _OSC: OS now controls [PCIeHotplug PME AER
PCIeCapability]
[    0.365344] acpi PNP0A08:00: FADT indicates ASPM is unsupported, using
BIOS configuration
[    0.365357] acpi PNP0A08:00: [Firmware Info]: ECAM [mem
0xf8000000-0xfbffffff] for domain 0000 [bus 00-3f] only partially covers
this bridge
[    0.365866] PCI host bridge to bus 0000:00
[    0.365870] pci_bus 0000:00: root bus resource [io  0x0000-0x03af window=
]
[    0.365872] pci_bus 0000:00: root bus resource [io  0x03e0-0x0cf7 window=
]
[    0.365874] pci_bus 0000:00: root bus resource [io  0x03b0-0x03df window=
]
[    0.365875] pci_bus 0000:00: root bus resource [io  0x0d00-0xffff window=
]
[    0.365877] pci_bus 0000:00: root bus resource [mem
0x000a0000-0x000dffff window]
[    0.365879] pci_bus 0000:00: root bus resource [mem
0xd0000000-0xfed3ffff window]
[    0.365881] pci_bus 0000:00: root bus resource [mem
0xfedca000-0xffffffff window]
[    0.365882] pci_bus 0000:00: root bus resource [mem
0x47f000000-0xfffffffff window]
[    0.365884] pci_bus 0000:00: root bus resource [bus 00-ff]
[    0.365954] pci 0000:00:00.0: [1022:1576] type 00 class 0x060000
conventional PCI endpoint
[    0.366080] pci 0000:00:00.2: [1022:1577] type 00 class 0x080600
conventional PCI endpoint
[    0.366194] pci 0000:00:01.0: [1002:9874] type 00 class 0x030000 PCIe
Root Complex Integrated Endpoint
[    0.366222] pci 0000:00:01.0: BAR 0 [mem 0xd0000000-0xdfffffff 64bit
pref]
[    0.366225] pci 0000:00:01.0: BAR 2 [mem 0xf0800000-0xf0ffffff 64bit
pref]
[    0.366227] pci 0000:00:01.0: BAR 4 [io  0xf000-0xf0ff]
[    0.366230] pci 0000:00:01.0: BAR 5 [mem 0xfea00000-0xfea3ffff]
[    0.366232] pci 0000:00:01.0: ROM [mem 0xfea40000-0xfea5ffff pref]
[    0.366237] pci 0000:00:01.0: enabling Extended Tags
[    0.366251] pci 0000:00:01.0: Video device with shadowed ROM at [mem
0x000c0000-0x000dffff]
[    0.366284] pci 0000:00:01.0: supports D1 D2
[    0.366285] pci 0000:00:01.0: PME# supported from D1 D2 D3hot
[    0.366387] pci 0000:00:01.1: [1002:9840] type 00 class 0x040300 PCIe
Root Complex Integrated Endpoint
[    0.366415] pci 0000:00:01.1: BAR 0 [mem 0xfea64000-0xfea67fff 64bit]
[    0.366423] pci 0000:00:01.1: enabling Extended Tags
[    0.366455] pci 0000:00:01.1: supports D1 D2
[    0.366510] pci 0000:00:02.0: [1022:157b] type 00 class 0x060000
conventional PCI endpoint
[    0.366583] pci 0000:00:02.2: [1022:157c] type 01 class 0x060400 PCIe
Root Port
[    0.366603] pci 0000:00:02.2: PCI bridge to [bus 01]
[    0.366610] pci 0000:00:02.2:   bridge window [mem 0xfe400000-0xfe5fffff=
]
[    0.366699] pci 0000:00:02.2: enabling Extended Tags
[    0.366756] pci 0000:00:02.2: PME# supported from D0 D3hot D3cold
[    0.366783] pci 0000:00:02.3: [1022:157c] type 01 class 0x060400 PCIe
Root Port
[    0.366783] pci 0000:00:02.3: PCI bridge to [bus 02]
[    0.366783] pci 0000:00:02.3:   bridge window [io  0xe000-0xefff]
[    0.366783] pci 0000:00:02.3:   bridge window [mem 0xfe900000-0xfe9fffff=
]
[    0.366783] pci 0000:00:02.3: enabling Extended Tags
[    0.366783] pci 0000:00:02.3: PME# supported from D0 D3hot D3cold
[    0.366783] pci 0000:00:03.0: [1022:157b] type 00 class 0x060000
conventional PCI endpoint
[    0.366849] pci 0000:00:03.1: [1022:157c] type 01 class 0x060400 PCIe
Root Port
[    0.366868] pci 0000:00:03.1: PCI bridge to [bus 03]
[    0.366873] pci 0000:00:03.1:   bridge window [io  0xd000-0xdfff]
[    0.366876] pci 0000:00:03.1:   bridge window [mem 0xfe800000-0xfe8fffff=
]
[    0.366883] pci 0000:00:03.1:   bridge window [mem 0xe0000000-0xf01fffff
64bit pref]
[    0.366904] pci 0000:00:03.1: enabling Extended Tags
[    0.366950] pci 0000:00:03.1: PME# supported from D0 D3hot D3cold
[    0.367053] pci 0000:00:08.0: [1022:1578] type 00 class 0x108000
conventional PCI endpoint
[    0.367075] pci 0000:00:08.0: BAR 0 [mem 0xf1000000-0xf101ffff 64bit
pref]
[    0.367077] pci 0000:00:08.0: BAR 2 [mem 0xfe700000-0xfe7fffff]
[    0.367079] pci 0000:00:08.0: BAR 3 [mem 0xfea6f000-0xfea6ffff]
[    0.367081] pci 0000:00:08.0: BAR 5 [mem 0xfea6a000-0xfea6bfff]
[    0.367164] pci 0000:00:09.0: [1022:157d] type 00 class 0x060000
conventional PCI endpoint
[    0.367445] pci 0000:00:09.2: [1022:157a] type 00 class 0x040300
conventional PCI endpoint
[    0.367466] pci 0000:00:09.2: BAR 0 [mem 0xfea60000-0xfea63fff]
[    0.367486] pci 0000:00:09.2: PME# supported from D0 D3hot D3cold
[    0.367577] pci 0000:00:10.0: [1022:7914] type 00 class 0x0c0330 PCIe
Root Complex Integrated Endpoint
[    0.367626] pci 0000:00:10.0: BAR 0 [mem 0xfea68000-0xfea69fff 64bit]
[    0.367698] pci 0000:00:10.0: PME# supported from D0 D3hot D3cold
[    0.367807] pci 0000:00:11.0: [1022:7901] type 00 class 0x010601
conventional PCI endpoint
[    0.367846] pci 0000:00:11.0: BAR 0 [io  0xf140-0xf147]
[    0.367848] pci 0000:00:11.0: BAR 1 [io  0xf130-0xf133]
[    0.367851] pci 0000:00:11.0: BAR 2 [io  0xf120-0xf127]
[    0.367853] pci 0000:00:11.0: BAR 3 [io  0xf110-0xf113]
[    0.367855] pci 0000:00:11.0: BAR 4 [io  0xf100-0xf10f]
[    0.367857] pci 0000:00:11.0: BAR 5 [mem 0xfea6d000-0xfea6d3ff]
[    0.367888] pci 0000:00:11.0: PME# supported from D3hot
[    0.367970] pci 0000:00:12.0: [1022:7908] type 00 class 0x0c0320
conventional PCI endpoint
[    0.368009] pci 0000:00:12.0: BAR 0 [mem 0xfea6c000-0xfea6c0ff]
[    0.368044] pci 0000:00:12.0: supports D1 D2
[    0.368045] pci 0000:00:12.0: PME# supported from D0 D1 D2 D3hot D3cold
[    0.368171] pci 0000:00:14.0: [1022:790b] type 00 class 0x0c0500
conventional PCI endpoint
[    0.368283] pci 0000:00:14.3: [1022:790e] type 00 class 0x060100
conventional PCI endpoint
[    0.368410] pci 0000:00:18.0: [1022:1570] type 00 class 0x060000
conventional PCI endpoint
[    0.368497] pci 0000:00:18.1: [1022:1571] type 00 class 0x060000
conventional PCI endpoint
[    0.368544] pci 0000:00:18.2: [1022:1572] type 00 class 0x060000
conventional PCI endpoint
[    0.368603] pci 0000:00:18.3: [1022:1573] type 00 class 0x060000
conventional PCI endpoint
[    0.368654] pci 0000:00:18.4: [1022:1574] type 00 class 0x060000
conventional PCI endpoint
[    0.368708] pci 0000:00:18.5: [1022:1575] type 00 class 0x060000
conventional PCI endpoint
[    0.368977] pci 0000:01:00.0: [168c:0042] type 00 class 0x028000 PCIe
Endpoint
[    0.369316] pci 0000:01:00.0: BAR 0 [mem 0xfe400000-0xfe5fffff 64bit]
[    0.369900] pci 0000:01:00.0: PME# supported from D0 D3hot D3cold
[    0.370761] pci 0000:00:02.2: PCI bridge to [bus 01]
[    0.370839] pci 0000:02:00.0: [10ec:8168] type 00 class 0x020000 PCIe
Endpoint
[    0.370890] pci 0000:02:00.0: BAR 0 [io  0xe000-0xe0ff]
[    0.370895] pci 0000:02:00.0: BAR 2 [mem 0xfe904000-0xfe904fff 64bit]
[    0.370899] pci 0000:02:00.0: BAR 4 [mem 0xfe900000-0xfe903fff 64bit]
[    0.370989] pci 0000:02:00.0: supports D1 D2
[    0.370991] pci 0000:02:00.0: PME# supported from D0 D1 D2 D3hot D3cold
[    0.371197] pci 0000:00:02.3: PCI bridge to [bus 02]
[    0.371317] pci 0000:03:00.0: [1002:67ef] type 00 class 0x038000 PCIe
Legacy Endpoint
[    0.371402] pci 0000:03:00.0: BAR 0 [mem 0xe0000000-0xefffffff 64bit
pref]
[    0.371406] pci 0000:03:00.0: BAR 2 [mem 0xf0000000-0xf01fffff 64bit
pref]
[    0.371409] pci 0000:03:00.0: BAR 4 [io  0xd000-0xd0ff]
[    0.371411] pci 0000:03:00.0: BAR 5 [mem 0xfe800000-0xfe83ffff]
[    0.371414] pci 0000:03:00.0: ROM [mem 0xfe840000-0xfe85ffff pref]
[    0.371423] pci 0000:03:00.0: enabling Extended Tags
[    0.371578] pci 0000:03:00.0: supports D1 D2
[    0.371579] pci 0000:03:00.0: PME# supported from D1 D2 D3hot D3cold
[    0.371781] pci 0000:00:03.1: PCI bridge to [bus 03]
[    0.372708] ACPI: PCI: Interrupt link LNKA configured for IRQ 5
[    0.372763] ACPI: PCI: Interrupt link LNKB configured for IRQ 0
[    0.372811] ACPI: PCI: Interrupt link LNKC configured for IRQ 11
[    0.372867] ACPI: PCI: Interrupt link LNKD configured for IRQ 4
[    0.372918] ACPI: PCI: Interrupt link LNKE configured for IRQ 0
[    0.372960] ACPI: PCI: Interrupt link LNKF configured for IRQ 0
[    0.373003] ACPI: PCI: Interrupt link LNKG configured for IRQ 11
[    0.373046] ACPI: PCI: Interrupt link LNKH configured for IRQ 10
[    0.374058] ACPI: EC: interrupt unblocked
[    0.374060] ACPI: EC: event unblocked
[    0.374068] ACPI: EC: EC_CMD/EC_SC=3D0x66, EC_DATA=3D0x62
[    0.374069] ACPI: EC: GPE=3D0x3
[    0.374071] ACPI: \_SB_.PCI0.SBRG.EC__: Boot DSDT EC initialization
complete
[    0.374074] ACPI: \_SB_.PCI0.SBRG.EC__: EC: Used to handle transactions
and events
[    0.374540] iommu: Default domain type: Translated
[    0.374540] iommu: DMA domain TLB invalidation policy: lazy mode
[    0.374542] SCSI subsystem initialized
[    0.374545] libata version 3.00 loaded.
[    0.374545] ACPI: bus type USB registered
[    0.374545] usbcore: registered new interface driver usbfs
[    0.374545] usbcore: registered new interface driver hub
[    0.374545] usbcore: registered new device driver usb
[    0.377845] EDAC MC: Ver: 3.0.0
[    0.378740] NetLabel: Initializing
[    0.378745] NetLabel:  domain hash size =3D 128
[    0.378747] NetLabel:  protocols =3D UNLABELED CIPSOv4 CALIPSO
[    0.378762] NetLabel:  unlabeled traffic allowed by default
[    0.378766] mctp: management component transport protocol core
[    0.378767] NET: Registered PF_MCTP protocol family
[    0.378777] PCI: Using ACPI for IRQ routing
[    0.380805] PCI: pci_cache_line_size set to 64 bytes
[    0.380963] e820: reserve RAM buffer [mem 0x0009d800-0x0009ffff]
[    0.380967] e820: reserve RAM buffer [mem 0xcc96f000-0xcfffffff]
[    0.380969] e820: reserve RAM buffer [mem 0xcf000000-0xcfffffff]
[    0.380970] e820: reserve RAM buffer [mem 0x3af000000-0x3afffffff]
[    0.381405] pci 0000:00:01.0: vgaarb: setting as boot VGA device
[    0.381405] pci 0000:00:01.0: vgaarb: bridge control possible
[    0.381405] pci 0000:00:01.0: vgaarb: VGA device added:
decodes=3Dio+mem,owns=3Dio+mem,locks=3Dnone
[    0.381409] vgaarb: loaded
[    0.381469] hpet0: at MMIO 0xfed00000, IRQs 2, 8, 0
[    0.381469] hpet0: 3 comparators, 32-bit 14.318180 MHz counter
[    0.383582] clocksource: Switched to clocksource tsc-early
[    0.384361] VFS: Disk quotas dquot_6.6.0
[    0.384376] VFS: Dquot-cache hash table entries: 512 (order 0, 4096
bytes)
[    0.384775] pnp: PnP ACPI init
[    0.384933] system 00:00: [mem 0xf8000000-0xfbffffff] has been reserved
[    0.385007] system 00:01: [mem 0x50000000-0xcfffffff] could not be
reserved
[    0.385077] system 00:02: [mem 0xfeb80000-0xfebfffff] could not be
reserved
[    0.385591] system 00:06: [io  0x04d0-0x04d1] has been reserved
[    0.385594] system 00:06: [io  0x040b] has been reserved
[    0.385595] system 00:06: [io  0x04d6] has been reserved
[    0.385597] system 00:06: [io  0x0c00-0x0c01] has been reserved
[    0.385598] system 00:06: [io  0x0c14] has been reserved
[    0.385600] system 00:06: [io  0x0c50-0x0c51] has been reserved
[    0.385601] system 00:06: [io  0x0c52] has been reserved
[    0.385603] system 00:06: [io  0x0c6c] has been reserved
[    0.385604] system 00:06: [io  0x0c6f] has been reserved
[    0.385606] system 00:06: [io  0x0cd0-0x0cd1] has been reserved
[    0.385607] system 00:06: [io  0x0cd2-0x0cd3] has been reserved
[    0.385609] system 00:06: [io  0x0cd4-0x0cd5] has been reserved
[    0.385610] system 00:06: [io  0x0cd6-0x0cd7] has been reserved
[    0.385611] system 00:06: [io  0x0cd8-0x0cdf] has been reserved
[    0.385613] system 00:06: [io  0x0800-0x089f] has been reserved
[    0.385614] system 00:06: [io  0x0b00-0x0b0f] has been reserved
[    0.385616] system 00:06: [io  0x0b20-0x0b3f] has been reserved
[    0.385617] system 00:06: [io  0x0900-0x090f] has been reserved
[    0.385619] system 00:06: [io  0x0910-0x091f] has been reserved
[    0.385620] system 00:06: [io  0x0380-0x0381] has been reserved
[    0.385622] system 00:06: [io  0xfe00-0xfefe] has been reserved
[    0.385624] system 00:06: [mem 0xfec00000-0xfec00fff] could not be
reserved
[    0.385626] system 00:06: [mem 0xfec01000-0xfec01fff] could not be
reserved
[    0.385628] system 00:06: [mem 0xfedc0000-0xfedc0fff] has been reserved
[    0.385630] system 00:06: [mem 0xfee00000-0xfee00fff] has been reserved
[    0.385632] system 00:06: [mem 0xfed80000-0xfed8ffff] could not be
reserved
[    0.385633] system 00:06: [mem 0xfed61000-0xfed70fff] has been reserved
[    0.385636] system 00:06: [mem 0xfe200000-0xfe200fff] has been reserved
[    0.385638] system 00:06: [mem 0xfec10000-0xfec10fff] has been reserved
[    0.385640] system 00:06: [mem 0xff000000-0xffffffff] has been reserved
[    0.387001] pnp: PnP ACPI: found 7 devices
[    0.393269] clocksource: acpi_pm: mask: 0xffffff max_cycles: 0xffffff,
max_idle_ns: 2085701024 ns
[    0.393354] NET: Registered PF_INET protocol family
[    0.393737] IP idents hash table entries: 262144 (order: 9, 2097152
bytes, linear)
[    0.412743] tcp_listen_portaddr_hash hash table entries: 8192 (order: 5,
131072 bytes, linear)
[    0.412786] Table-perturb hash table entries: 65536 (order: 6, 262144
bytes, linear)
[    0.412945] TCP established hash table entries: 131072 (order: 8,
1048576 bytes, linear)
[    0.413580] TCP bind hash table entries: 65536 (order: 9, 2097152 bytes,
linear)
[    0.414149] TCP: Hash tables configured (established 131072 bind 65536)
[    0.414337] MPTCP token hash table entries: 16384 (order: 6, 393216
bytes, linear)
[    0.414483] UDP hash table entries: 8192 (order: 7, 524288 bytes, linear=
)
[    0.414621] UDP-Lite hash table entries: 8192 (order: 7, 524288 bytes,
linear)
[    0.414718] NET: Registered PF_UNIX/PF_LOCAL protocol family
[    0.414731] NET: Registered PF_XDP protocol family
[    0.414752] pci 0000:00:02.2: PCI bridge to [bus 01]
[    0.414760] pci 0000:00:02.2:   bridge window [mem 0xfe400000-0xfe5fffff=
]
[    0.414768] pci 0000:00:02.3: PCI bridge to [bus 02]
[    0.414770] pci 0000:00:02.3:   bridge window [io  0xe000-0xefff]
[    0.414774] pci 0000:00:02.3:   bridge window [mem 0xfe900000-0xfe9fffff=
]
[    0.414781] pci 0000:00:03.1: PCI bridge to [bus 03]
[    0.414783] pci 0000:00:03.1:   bridge window [io  0xd000-0xdfff]
[    0.414787] pci 0000:00:03.1:   bridge window [mem 0xfe800000-0xfe8fffff=
]
[    0.414790] pci 0000:00:03.1:   bridge window [mem 0xe0000000-0xf01fffff
64bit pref]
[    0.414797] pci_bus 0000:00: resource 4 [io  0x0000-0x03af window]
[    0.414799] pci_bus 0000:00: resource 5 [io  0x03e0-0x0cf7 window]
[    0.414801] pci_bus 0000:00: resource 6 [io  0x03b0-0x03df window]
[    0.414802] pci_bus 0000:00: resource 7 [io  0x0d00-0xffff window]
[    0.414803] pci_bus 0000:00: resource 8 [mem 0x000a0000-0x000dffff
window]
[    0.414805] pci_bus 0000:00: resource 9 [mem 0xd0000000-0xfed3ffff
window]
[    0.414806] pci_bus 0000:00: resource 10 [mem 0xfedca000-0xffffffff
window]
[    0.414808] pci_bus 0000:00: resource 11 [mem 0x47f000000-0xfffffffff
window]
[    0.414810] pci_bus 0000:01: resource 1 [mem 0xfe400000-0xfe5fffff]
[    0.414811] pci_bus 0000:02: resource 0 [io  0xe000-0xefff]
[    0.414813] pci_bus 0000:02: resource 1 [mem 0xfe900000-0xfe9fffff]
[    0.414814] pci_bus 0000:03: resource 0 [io  0xd000-0xdfff]
[    0.414816] pci_bus 0000:03: resource 1 [mem 0xfe800000-0xfe8fffff]
[    0.414817] pci_bus 0000:03: resource 2 [mem 0xe0000000-0xf01fffff 64bit
pref]
[    0.414947] pci 0000:00:01.1: D0 power state depends on 0000:00:01.0
[    0.415235] pci 0000:00:10.0: PME# does not work under D0, disabling it
[    0.428169] pci 0000:00:12.0: quirk_usb_early_handoff+0x0/0x770 took
12620 usecs
[    0.428247] PCI: CLS 0 bytes, default 64
[    0.428266] AMD-Vi: [Firmware Warn]: EFR mismatch. Use IVHD EFR
(0x37ef22294ada : 0x77ef22294ada), EFR2 (0x0 : 0x0).
[    0.428273] pci 0000:00:00.2: AMD-Vi: IOMMU performance counters
supported
[    0.428328] Trying to unpack rootfs image as initramfs...
[    0.428337] pci 0000:00:00.0: Adding to iommu group 0
[    0.428369] pci 0000:00:01.0: Adding to iommu group 1
[    0.428382] pci 0000:00:01.1: Adding to iommu group 1
[    0.428418] pci 0000:00:02.0: Adding to iommu group 2
[    0.428451] pci 0000:00:02.2: Adding to iommu group 2
[    0.428474] pci 0000:00:02.3: Adding to iommu group 2
[    0.428508] pci 0000:00:03.0: Adding to iommu group 3
[    0.428529] pci 0000:00:03.1: Adding to iommu group 3
[    0.428551] pci 0000:00:08.0: Adding to iommu group 4
[    0.428592] pci 0000:00:09.0: Adding to iommu group 5
[    0.428613] pci 0000:00:09.2: Adding to iommu group 5
[    0.428635] pci 0000:00:10.0: Adding to iommu group 6
[    0.428656] pci 0000:00:11.0: Adding to iommu group 7
[    0.428676] pci 0000:00:12.0: Adding to iommu group 8
[    0.428717] pci 0000:00:14.0: Adding to iommu group 9
[    0.428738] pci 0000:00:14.3: Adding to iommu group 9
[    0.428817] pci 0000:00:18.0: Adding to iommu group 10
[    0.428841] pci 0000:00:18.1: Adding to iommu group 10
[    0.428863] pci 0000:00:18.2: Adding to iommu group 10
[    0.428887] pci 0000:00:18.3: Adding to iommu group 10
[    0.428911] pci 0000:00:18.4: Adding to iommu group 10
[    0.428939] pci 0000:00:18.5: Adding to iommu group 10
[    0.428948] pci 0000:01:00.0: Adding to iommu group 2
[    0.428957] pci 0000:02:00.0: Adding to iommu group 2
[    0.428970] pci 0000:03:00.0: Adding to iommu group 3
[    0.430728] AMD-Vi: Extended features (0x77ef22294ada, 0x0): PPR NX GT
IA GA PC GA_vAPIC
[    0.430742] AMD-Vi: Interrupt remapping enabled
[    0.431039] AMD-Vi: Virtual APIC enabled
[    0.431046] PCI-DMA: Using software bounce buffering for IO (SWIOTLB)
[    0.431047] software IO TLB: mapped [mem
0x00000000c896f000-0x00000000cc96f000] (64MB)
[    0.431112] LVT offset 0 assigned for vector 0x400
[    0.433770] perf: AMD IBS detected (0x000007ff)
[    0.433785] perf/amd_iommu: Detected AMD IOMMU #0 (2 banks, 4
counters/bank).
[    0.471249] Initialise system trusted keyrings
[    0.471265] Key type blacklist registered
[    0.471355] workingset: timestamp_bits=3D36 max_order=3D22 bucket_order=
=3D0
[    0.471629] fuse: init (API version 7.43)
[    0.471745] integrity: Platform Keyring initialized
[    0.471750] integrity: Machine keyring initialized
[    0.482974] xor: automatically using best checksumming function   avx

[    0.482976] Key type asymmetric registered
[    0.482978] Asymmetric key parser 'x509' registered
[    0.483001] Block layer SCSI generic (bsg) driver version 0.4 loaded
(major 246)
[    0.483076] io scheduler mq-deadline registered
[    0.483078] io scheduler kyber registered
[    0.483091] io scheduler bfq registered
[    0.484256] ledtrig-cpu: registered to indicate activity on CPUs
[    0.484515] pcieport 0000:00:02.2: PME: Signaling with IRQ 26
[    0.484692] pcieport 0000:00:02.3: PME: Signaling with IRQ 27
[    0.484883] pcieport 0000:00:03.1: PME: Signaling with IRQ 29
[    0.484908] pcieport 0000:00:03.1: pciehp: Slot #0 AttnBtn- PwrCtrl-
MRL- AttnInd- PwrInd- HotPlug+ Surprise- Interlock- NoCompl+ IbPresDis-
LLActRep+
[    0.486063] ACPI: AC: AC Adapter [ACAD] (on-line)
[    0.486129] input: Power Button as
/devices/LNXSYSTM:00/LNXSYBUS:00/PNP0C0C:00/input/input0
[    0.486151] ACPI: button: Power Button [PWRB]
[    0.486183] input: Lid Switch as
/devices/LNXSYSTM:00/LNXSYBUS:00/PNP0C0D:00/input/input1
[    0.490191] ACPI: button: Lid Switch [LID0]
[    0.490267] input: Sleep Button as
/devices/LNXSYSTM:00/LNXSYBUS:00/PNP0C0E:00/input/input2
[    0.490297] ACPI: button: Sleep Button [SLPB]
[    0.490332] input: Power Button as
/devices/LNXSYSTM:00/LNXPWRBN:00/input/input3
[    0.490376] ACPI: button: Power Button [PWRF]
[    0.490648] Could not retrieve perf counters (-19)
[    0.490981] Serial: 8250/16550 driver, 32 ports, IRQ sharing enabled
[    0.493254] Non-volatile memory driver v1.3
[    0.493259] Linux agpgart interface v0.103
[    0.493319] ACPI: bus type drm_connector registered
[    0.493999] ahci 0000:00:11.0: version 3.0
[    0.494234] ahci 0000:00:11.0: AHCI vers 0001.0300, 32 command slots, 6
Gbps, SATA mode
[    0.494238] ahci 0000:00:11.0: 1/1 ports implemented (port mask 0x1)
[    0.494240] ahci 0000:00:11.0: flags: 64bit ncq sntf ilck led clo pmp
fbs pio slum part
[    0.494497] scsi host0: ahci
[    0.494557] ata1: SATA max UDMA/133 abar m1024@0xfea6d000 port
0xfea6d100 irq 19 lpm-pol 3
[    0.494945] xhci_hcd 0000:00:10.0: xHCI Host Controller
[    0.494954] xhci_hcd 0000:00:10.0: new USB bus registered, assigned bus
number 1
[    0.495171] xhci_hcd 0000:00:10.0: hcc params 0x014040c3 hci version
0x100 quirks 0x0000000000000010
[    0.495474] ehci-pci 0000:00:12.0: EHCI Host Controller
[    0.495481] ehci-pci 0000:00:12.0: new USB bus registered, assigned bus
number 2
[    0.495493] ehci-pci 0000:00:12.0: debug port 2
[    0.495549] ehci-pci 0000:00:12.0: irq 18, io mem 0xfea6c000
[    0.495563] xhci_hcd 0000:00:10.0: xHCI Host Controller
[    0.495566] xhci_hcd 0000:00:10.0: new USB bus registered, assigned bus
number 3
[    0.495569] xhci_hcd 0000:00:10.0: Host supports USB 3.0 SuperSpeed
[    0.500186] ACPI: battery: Slot [BAT0] (battery present)
[    0.502114] ehci-pci 0000:00:12.0: USB 2.0 started, EHCI 1.00
[    0.502166] usb usb1: New USB device found, idVendor=3D1d6b,
idProduct=3D0002, bcdDevice=3D 6.15
[    0.502169] usb usb1: New USB device strings: Mfr=3D3, Product=3D2,
SerialNumber=3D1
[    0.502171] usb usb1: Product: xHCI Host Controller
[    0.502173] usb usb1: Manufacturer: Linux 6.15.4-arch2-1 xhci-hcd
[    0.502174] usb usb1: SerialNumber: 0000:00:10.0
[    0.502318] hub 1-0:1.0: USB hub found
[    0.502329] hub 1-0:1.0: 4 ports detected
[    0.502534] usb usb3: We don't know the algorithms for LPM for this
host, disabling LPM.
[    0.502556] usb usb3: New USB device found, idVendor=3D1d6b,
idProduct=3D0003, bcdDevice=3D 6.15
[    0.502558] usb usb3: New USB device strings: Mfr=3D3, Product=3D2,
SerialNumber=3D1
[    0.502560] usb usb3: Product: xHCI Host Controller
[    0.502561] usb usb3: Manufacturer: Linux 6.15.4-arch2-1 xhci-hcd
[    0.502562] usb usb3: SerialNumber: 0000:00:10.0
[    0.502646] hub 3-0:1.0: USB hub found
[    0.502656] hub 3-0:1.0: 4 ports detected
[    0.502874] usb usb2: New USB device found, idVendor=3D1d6b,
idProduct=3D0002, bcdDevice=3D 6.15
[    0.502877] usb usb2: New USB device strings: Mfr=3D3, Product=3D2,
SerialNumber=3D1
[    0.502879] usb usb2: Product: EHCI Host Controller
[    0.502881] usb usb2: Manufacturer: Linux 6.15.4-arch2-1 ehci_hcd
[    0.502883] usb usb2: SerialNumber: 0000:00:12.0
[    0.502950] usbcore: registered new interface driver usbserial_generic
[    0.502962] usbserial: USB Serial support registered for generic
[    0.503006] hub 2-0:1.0: USB hub found
[    0.503008] i8042: PNP: PS/2 Controller [PNP0303:PS2K,PNP0f13:PS2M] at
0x60,0x64 irq 1,12
[    0.503014] hub 2-0:1.0: 2 ports detected
[    0.505601] serio: i8042 KBD port at 0x60,0x64 irq 1
[    0.505637] serio: i8042 AUX port at 0x60,0x64 irq 12
[    0.505798] rtc_cmos 00:03: RTC can wake from S4
[    0.506009] rtc_cmos 00:03: registered as rtc0
[    0.506034] rtc_cmos 00:03: setting system clock to 2026-02-05T06:54:35
UTC (1770274475)
[    0.506063] rtc_cmos 00:03: alarms up to one month, y3k, 114 bytes
nvram, hpet irqs
[    0.506120] amd_pstate: the _CPC object is not present in SBIOS or ACPI
disabled
[    0.506410] hid: raw HID events driver (C) Jiri Kosina
[    0.506437] usbcore: registered new interface driver usbhid
[    0.506438] usbhid: USB HID core driver
[    0.506506] drop_monitor: Initializing network drop monitor service
[    0.506636] NET: Registered PF_INET6 protocol family
[    0.507161] input: AT Translated Set 2 keyboard as
/devices/platform/i8042/serio0/input/input4
[    0.738504] usb 1-2: new high-speed USB device number 2 using xhci_hcd
[    0.738525] usb 2-1: new high-speed USB device number 2 using ehci-pci
[    0.864063] usb 2-1: New USB device found, idVendor=3D0438,
idProduct=3D7900, bcdDevice=3D 0.18
[    0.864072] usb 2-1: New USB device strings: Mfr=3D0, Product=3D0,
SerialNumber=3D0
[    0.864339] hub 2-1:1.0: USB hub found
[    0.864432] hub 2-1:1.0: 4 ports detected
[    0.866105] usb 1-2: New USB device found, idVendor=3D05e3,
idProduct=3D0747, bcdDevice=3D 8.19
[    0.866109] usb 1-2: New USB device strings: Mfr=3D3, Product=3D4,
SerialNumber=3D5
[    0.866111] usb 1-2: Product: USB Storage
[    0.866113] usb 1-2: Manufacturer: Generic
[    0.866114] usb 1-2: SerialNumber: 000000000819
[    0.970785] ata1: SATA link up 6.0 Gbps (SStatus 133 SControl 300)
[    0.972217] ata1.00: ATA-9: SSD, U1124A0, max UDMA/133
[    0.973054] ata1.00: 500118192 sectors, multi 1: LBA48 NCQ (depth 32), A=
A
[    0.976536] ata1.00: configured for UDMA/133
[    0.976677] scsi 0:0:0:0: Direct-Access     ATA      SSD
 4A0  PQ: 0 ANSI: 5
[    0.977002] sd 0:0:0:0: [sda] 500118192 512-byte logical blocks: (256
GB/238 GiB)
[    0.977018] sd 0:0:0:0: [sda] Write Protect is off
[    0.977021] sd 0:0:0:0: [sda] Mode Sense: 00 3a 00 00
[    0.977036] sd 0:0:0:0: [sda] Write cache: enabled, read cache: enabled,
doesn't support DPO or FUA
[    0.977064] sd 0:0:0:0: [sda] Preferred minimum I/O size 512 bytes
[    0.984741]  sda: sda1 sda2 sda3
[    0.984900] sd 0:0:0:0: [sda] Attached SCSI disk
[    1.147542] usb 2-1.2: new full-speed USB device number 3 using ehci-pci
[    1.235631] usb 2-1.2: New USB device found, idVendor=3D0cf3,
idProduct=3De009, bcdDevice=3D 0.01
[    1.235646] usb 2-1.2: New USB device strings: Mfr=3D0, Product=3D0,
SerialNumber=3D0
[    1.310566] usb 2-1.4: new high-speed USB device number 4 using ehci-pci
[    1.399862] usb 2-1.4: New USB device found, idVendor=3D0bda,
idProduct=3D0129, bcdDevice=3D39.60
[    1.399871] usb 2-1.4: New USB device strings: Mfr=3D1, Product=3D2,
SerialNumber=3D3
[    1.399882] usb 2-1.4: Product: USB2.0-CRW
[    1.399883] usb 2-1.4: Manufacturer: Generic
[    1.399885] usb 2-1.4: SerialNumber: 20100201396000000
[    1.465556] tsc: Refined TSC clocksource calibration: 2999.999 MHz
[    1.465568] clocksource: tsc: mask: 0xffffffffffffffff max_cycles:
0x2b3e44b2357, max_idle_ns: 440795324996 ns
[    1.465679] clocksource: Switched to clocksource tsc
[    1.783849] Freeing initrd memory: 157048K
[    1.793748] Segment Routing with IPv6
[    1.793754] RPL Segment Routing with IPv6
[    1.793776] In-situ OAM (IOAM) with IPv6
[    1.793811] NET: Registered PF_PACKET protocol family
[    1.794099] x86/pm: family 0x15 cpu detected, MSR saving is needed
during suspending.
[    1.794802] microcode: Current revision: 0x0600611a
[    1.795255] IPI shorthand broadcast: enabled
[    1.797778] sched_clock: Marking stable (1795002193,
2539590)->(1811761560, -14219777)
[    1.798061] registered taskstats version 1
[    1.799235] Loading compiled-in X.509 certificates
[    1.807770] Loaded X.509 cert 'Build time autogenerated kernel key:
1263cc237f7edc3f3e8acdd3ae1809e6a89d0f66'
[    1.811777] zswap: loaded using pool zstd/zsmalloc
[    1.811969] Demotion targets for Node 0: null
[    1.812132] Key type .fscrypt registered
[    1.812133] Key type fscrypt-provisioning registered
[    1.813417] Btrfs loaded, zoned=3Dyes, fsverity=3Dyes
[    1.813471] Key type big_key registered
[    1.813869] PM:   Magic number: 14:873:922
[    1.816792] RAS: Correctable Errors collector initialized.
[    1.827032] clk: Disabling unused clocks
[    1.827039] PM: genpd: Disabling unused power domains
[    1.829010] Freeing unused decrypted memory: 2028K
[    1.830358] Freeing unused kernel image (initmem) memory: 4632K
[    1.830399] Write protecting the kernel read-only data: 38912k
[    1.830873] Freeing unused kernel image (text/rodata gap) memory: 784K
[    1.831464] Freeing unused kernel image (rodata/data gap) memory: 1912K
[    1.959064] x86/mm: Checked W+X mappings: passed, no W+X pages found.
[    1.959072] rodata_test: all tests were successful
[    1.959079] Run /init as init process
[    1.959081]   with arguments:
[    1.959082]     /init
[    1.959084]   with environment:
[    1.959084]     HOME=3D/
[    1.959085]     TERM=3Dlinux
[    1.959086]     BOOT_IMAGE=3D/arch/boot/x86_64/vmlinuz-linux
[    1.959087]     archisobasedir=3Darch
[    1.959088]     archisosearchuuid=3D2025-07-01-17-34-06-00
[    2.094052] wmi_bus wmi_bus-PNP0C14:00: [Firmware Bug]: WQBC data block
query control method not found
[    2.094107] wmi_bus wmi_bus-PNP0C14:00: [Firmware Bug]: WMBD method
block execution control method not found
[    2.100074] ACPI: video: Video Device [VGA] (multi-head: yes  rom: no
 post: no)
[    2.100396] input: Video Bus as
/devices/LNXSYSTM:00/LNXSYBUS:00/PNP0A08:00/LNXVIDEO:00/input/input6
[    2.100607] ACPI: video: Video Device [VGA2] (multi-head: yes  rom: no
 post: no)
[    2.100711] input: Video Bus as
/devices/LNXSYSTM:00/LNXSYBUS:00/PNP0A08:00/device:0e/LNXVIDEO:02/input/inp=
ut7
[    2.123878] usb-storage 1-2:1.0: USB Mass Storage device detected
[    2.128086] scsi host1: usb-storage 1-2:1.0
[    2.128289] usbcore: registered new interface driver usb-storage
[    2.137065] usbcore: registered new interface driver uas
[    2.142867] usbcore: registered new interface driver rtsx_usb
[    2.147323] cryptd: max_cpu_qlen set to 1000
[    2.170761] r8169 0000:02:00.0: can't disable ASPM; OS doesn't have ASPM
control
[    2.178499] r8169 0000:02:00.0 eth0: RTL8168h/8111h, f4:8e:38:f1:b0:dc,
XID 541, IRQ 36
[    2.178508] r8169 0000:02:00.0 eth0: jumbo features [frames: 9194 bytes,
tx checksumming: ko]
[    3.131112] scsi 1:0:0:0: Direct-Access     Generic  STORAGE DEVICE
0819 PQ: 0 ANSI: 6
[    3.376795] sd 1:0:0:0: [sdb] 31116288 512-byte logical blocks: (15.9
GB/14.8 GiB)
[    3.378070] sd 1:0:0:0: [sdb] Write Protect is off
[    3.378078] sd 1:0:0:0: [sdb] Mode Sense: 87 00 00 00
[    3.379452] sd 1:0:0:0: [sdb] Write cache: disabled, read cache:
enabled, doesn't support DPO or FUA
[    3.585717]  sdb: sdb1 sdb2
[    3.586122] sd 1:0:0:0: [sdb] Attached SCSI removable disk
[   11.146216] [drm] amdgpu kernel modesetting enabled.
[   11.146244] amdgpu: vga_switcheroo: detected switching method
\_SB_.PCI0.VGA_.ATPX handle
[   11.146683] amdgpu: ATPX version 1, functions 0x00000003
[   11.149571] amdgpu: Virtual CRAT table created for CPU
[   11.149588] amdgpu: Topology: Add CPU node
[   11.149876] [drm] initializing kernel modesetting (CARRIZO 0x1002:0x9874
0x1028:0x07E2 0xCC).
[   11.152265] [drm] register mmio base: 0xFEA00000
[   11.152271] [drm] register mmio size: 262144
[   11.152541] amdgpu 0000:00:01.0: amdgpu: detected ip block number 0
<vi_common>
[   11.152549] amdgpu 0000:00:01.0: amdgpu: detected ip block number 1
<gmc_v8_0>
[   11.152551] amdgpu 0000:00:01.0: amdgpu: detected ip block number 2
<cz_ih>
[   11.152553] amdgpu 0000:00:01.0: amdgpu: detected ip block number 3
<gfx_v8_0>
[   11.152555] amdgpu 0000:00:01.0: amdgpu: detected ip block number 4
<sdma_v3_0>
[   11.152556] amdgpu 0000:00:01.0: amdgpu: detected ip block number 5
<powerplay>
[   11.152558] amdgpu 0000:00:01.0: amdgpu: detected ip block number 6 <dm>
[   11.152560] amdgpu 0000:00:01.0: amdgpu: detected ip block number 7
<uvd_v6_0>
[   11.152562] amdgpu 0000:00:01.0: amdgpu: detected ip block number 8
<vce_v3_0>
[   11.152563] amdgpu 0000:00:01.0: amdgpu: detected ip block number 9
<acp_ip>
[   11.164692] amdgpu 0000:00:01.0: amdgpu: Fetched VBIOS from ROM BAR
[   11.164695] amdgpu: ATOM BIOS: 109-C95010-006
[   11.164975] [drm] UVD is enabled in physical mode
[   11.164979] [drm] VCE enabled in physical mode
[   11.165030] amdgpu 0000:00:01.0: vgaarb: deactivate vga console
[   11.165793] Console: switching to colour dummy device 80x25
[   11.165807] amdgpu 0000:00:01.0: amdgpu: Trusted Memory Zone (TMZ)
feature not supported
[   11.165914] [drm] vm size is 64 GB, 2 levels, block size is 10-bit,
fragment size is 9-bit
[   11.165921] amdgpu 0000:00:01.0: amdgpu: VRAM: 2048M 0x000000F400000000
- 0x000000F47FFFFFFF (2048M used)
[   11.165924] amdgpu 0000:00:01.0: amdgpu: GART: 1024M 0x000000FF00000000
- 0x000000FF3FFFFFFF
[   11.165934] [drm] Detected VRAM RAM=3D2048M, BAR=3D2048M
[   11.165935] [drm] RAM width 128bits UNKNOWN
[   11.166106] [drm] amdgpu: 2048M of VRAM memory ready
[   11.166109] [drm] amdgpu: 6960M of GTT memory ready.
[   11.166138] [drm] GART: num cpu pages 262144, num gpu pages 262144
[   11.166191] [drm] PCIE GART of 1024M enabled (table at
0x000000F400A00000).
[   11.171004] amdgpu: hwmgr_sw_init smu backed is smu8_smu
[   11.172860] [drm] Found UVD firmware Version: 1.91 Family ID: 11
[   11.172906] [drm] UVD ENC is disabled
[   11.174646] [drm] Found VCE firmware Version: 52.4 Binary ID: 3
[   11.176113] amdgpu: smu version 27.17.00
[   11.181831] [drm] DM_PPLIB: values for Engine clock
[   11.181837] [drm] DM_PPLIB: 300000
[   11.181838] [drm] DM_PPLIB: 464520
[   11.181839] [drm] DM_PPLIB: 576000
[   11.181840] [drm] DM_PPLIB: 654550
[   11.181841] [drm] DM_PPLIB: 720000
[   11.181842] [drm] DM_PPLIB: 800000
[   11.181842] [drm] DM_PPLIB: 847060
[   11.181843] [drm] DM_PPLIB: 900000
[   11.181844] [drm] DM_PPLIB: Validation clocks:
[   11.181845] [drm] DM_PPLIB:    engine_max_clock: 90000
[   11.181846] [drm] DM_PPLIB:    memory_max_clock: 120000
[   11.181847] [drm] DM_PPLIB:    level           : 8
[   11.181848] [drm] DM_PPLIB: values for Display clock
[   11.181849] [drm] DM_PPLIB: 300000
[   11.181850] [drm] DM_PPLIB: 400000
[   11.181851] [drm] DM_PPLIB: 496560
[   11.181852] [drm] DM_PPLIB: 626090
[   11.181852] [drm] DM_PPLIB: 685720
[   11.181853] [drm] DM_PPLIB: 757900
[   11.181854] [drm] DM_PPLIB: 800000
[   11.181854] [drm] DM_PPLIB: 847060
[   11.181855] [drm] DM_PPLIB: Validation clocks:
[   11.181856] [drm] DM_PPLIB:    engine_max_clock: 90000
[   11.181856] [drm] DM_PPLIB:    memory_max_clock: 120000
[   11.181857] [drm] DM_PPLIB:    level           : 8
[   11.181858] [drm] DM_PPLIB: values for Memory clock
[   11.181859] [drm] DM_PPLIB: 667000
[   11.181860] [drm] DM_PPLIB: 1200000
[   11.181861] [drm] DM_PPLIB: Validation clocks:
[   11.181861] [drm] DM_PPLIB:    engine_max_clock: 90000
[   11.181862] [drm] DM_PPLIB:    memory_max_clock: 120000
[   11.181863] [drm] DM_PPLIB:    level           : 8
[   11.181895] [drm:bios_parser_get_connector_id [amdgpu]] *ERROR* Can't
find connector id 3 in connector table of size 3.
[   11.183144] [drm:bios_parser_get_connector_id [amdgpu]] *ERROR* Can't
find connector id 4 in connector table of size 3.
[   11.184339] [drm:bios_parser_get_connector_id [amdgpu]] *ERROR* Can't
find connector id 5 in connector table of size 3.
[   11.185536] [drm:bios_parser_get_connector_id [amdgpu]] *ERROR* Can't
find connector id 6 in connector table of size 3.
[   11.186737] [drm:bios_parser_get_connector_id [amdgpu]] *ERROR* Can't
find connector id 7 in connector table of size 3.
[   11.187931] [drm:bios_parser_get_connector_id [amdgpu]] *ERROR* Can't
find connector id 8 in connector table of size 3.
[   11.189127] [drm:bios_parser_get_connector_id [amdgpu]] *ERROR* Can't
find connector id 9 in connector table of size 3.
[   11.190335] [drm:bios_parser_get_connector_id [amdgpu]] *ERROR* Can't
find connector id 10 in connector table of size 3.
[   11.191544] [drm:bios_parser_get_connector_id [amdgpu]] *ERROR* Can't
find connector id 11 in connector table of size 3.
[   11.192746] [drm:bios_parser_get_connector_id [amdgpu]] *ERROR* Can't
find connector id 12 in connector table of size 3.
[   11.193946] [drm:bios_parser_get_connector_id [amdgpu]] *ERROR* Can't
find connector id 13 in connector table of size 3.
[   11.195231] [drm] Display Core v3.2.325 initialized on DCE 11.0
[   11.282044] [drm] UVD initialized successfully.
[   11.482701] [drm] VCE initialized successfully.
[   11.486844] kfd kfd: amdgpu: Allocated 3969056 bytes on gart
[   11.486865] kfd kfd: amdgpu: Total number of KFD nodes to be created: 1
[   11.487064] amdgpu: Virtual CRAT table created for GPU
[   11.487125] amdgpu: Topology: Add dGPU node [0x9874:0x1002]
[   11.487128] kfd kfd: amdgpu: added device 1002:9874
[   11.487139] amdgpu 0000:00:01.0: amdgpu: SE 1, SH per SE 1, CU per SH 8,
active_cu_number 8
[   11.488968] amdgpu: pp_dpm_get_sclk_od was not implemented.
[   11.488971] amdgpu: pp_dpm_get_mclk_od was not implemented.
[   11.489094] amdgpu 0000:00:01.0: amdgpu: Runtime PM not available
[   11.490757] amdgpu 0000:00:01.0: amdgpu: [drm] Using custom brightness
curve
[   11.490977] amdgpu 0000:00:01.0: [drm] Registered 3 planes with drm pani=
c
[   11.490980] [drm] Initialized amdgpu 3.63.0 for 0000:00:01.0 on minor 0
[   11.498432] fbcon: amdgpudrmfb (fb0) is primary device
[   12.428917] Console: switching to colour frame buffer device 240x67
[   12.433935] amdgpu 0000:00:01.0: [drm] fb0: amdgpudrmfb frame buffer
device
[   12.440052] [drm] initializing kernel modesetting (POLARIS11
0x1002:0x67EF 0x1028:0x07E2 0xCF).
[   12.441286] [drm] register mmio base: 0xFE800000
[   12.441288] [drm] register mmio size: 262144
[   12.441478] amdgpu 0000:03:00.0: amdgpu: detected ip block number 0
<vi_common>
[   12.441481] amdgpu 0000:03:00.0: amdgpu: detected ip block number 1
<gmc_v8_0>
[   12.441483] amdgpu 0000:03:00.0: amdgpu: detected ip block number 2
<tonga_ih>
[   12.441485] amdgpu 0000:03:00.0: amdgpu: detected ip block number 3
<gfx_v8_0>
[   12.441487] amdgpu 0000:03:00.0: amdgpu: detected ip block number 4
<sdma_v3_0>
[   12.441496] amdgpu 0000:03:00.0: amdgpu: detected ip block number 5
<powerplay>
[   12.441498] amdgpu 0000:03:00.0: amdgpu: detected ip block number 6 <dm>
[   12.441500] amdgpu 0000:03:00.0: amdgpu: detected ip block number 7
<uvd_v6_0>
[   12.441501] amdgpu 0000:03:00.0: amdgpu: detected ip block number 8
<vce_v3_0>
[   12.557053] amdgpu 0000:03:00.0: amdgpu: Fetched VBIOS from ATRM
[   12.557062] amdgpu: ATOM BIOS: SWBRT01017.001
[   12.557376] [drm] UVD is enabled in VM mode
[   12.557378] [drm] UVD ENC is enabled in VM mode
[   12.557381] [drm] VCE enabled in VM mode
[   12.557393] amdgpu 0000:03:00.0: amdgpu: Trusted Memory Zone (TMZ)
feature not supported
[   12.557397] amdgpu 0000:03:00.0: amdgpu: PCIE atomic ops is not supporte=
d
[   12.557406] [drm] GPU posting now...
[   12.568644] [drm] vm size is 64 GB, 2 levels, block size is 10-bit,
fragment size is 9-bit
[   12.568987] amdgpu 0000:03:00.0: BAR 2 [mem 0xf0000000-0xf01fffff 64bit
pref]: releasing
[   12.568992] amdgpu 0000:03:00.0: BAR 0 [mem 0xe0000000-0xefffffff 64bit
pref]: releasing
[   12.569004] pcieport 0000:00:03.1: bridge window [mem
0xe0000000-0xf01fffff 64bit pref]: releasing
[   12.569013] pcieport 0000:00:03.1: bridge window [mem
0x480000000-0x5ffffffff 64bit pref]: assigned
[   12.569016] amdgpu 0000:03:00.0: BAR 0 [mem 0x500000000-0x5ffffffff
64bit pref]: assigned
[   12.569025] amdgpu 0000:03:00.0: BAR 2 [mem 0x480000000-0x4801fffff
64bit pref]: assigned
[   12.569034] pcieport 0000:00:03.1: PCI bridge to [bus 03]
[   12.569037] pcieport 0000:00:03.1:   bridge window [io  0xd000-0xdfff]
[   12.569041] pcieport 0000:00:03.1:   bridge window [mem
0xfe800000-0xfe8fffff]
[   12.569044] pcieport 0000:00:03.1:   bridge window [mem
0x480000000-0x5ffffffff 64bit pref]
[   12.569052] amdgpu 0000:03:00.0: amdgpu: VRAM: 4096M 0x000000F400000000
- 0x000000F4FFFFFFFF (4096M used)
[   12.569054] amdgpu 0000:03:00.0: amdgpu: GART: 256M 0x000000FF00000000 -
0x000000FF0FFFFFFF
[   12.569068] [drm] Detected VRAM RAM=3D4096M, BAR=3D4096M
[   12.569070] [drm] RAM width 128bits GDDR5
[   12.569196] [drm] amdgpu: 4096M of VRAM memory ready
[   12.569199] [drm] amdgpu: 6960M of GTT memory ready.
[   12.569235] [drm] GART: num cpu pages 65536, num gpu pages 65536
[   12.569964] [drm] PCIE GART of 256M enabled (table at
0x000000F4FFF80000).
[   12.571318] [drm] Chained IB support enabled!
[   12.574548] amdgpu: hwmgr_sw_init smu backed is polaris10_smu
[   12.577033] [drm] Found UVD firmware Version: 1.130 Family ID: 16
[   12.578921] [drm] Found VCE firmware Version: 53.26 Binary ID: 3
[   12.911076] [drm] Display Core v3.2.325 initialized on DCE 11.2
[   12.960744] [drm] UVD and UVD ENC initialized successfully.
[   13.071674] [drm] VCE initialized successfully.
[   13.072500] kfd kfd: amdgpu: skipped device 1002:67ef, PCI rejects
atomics 730<0
[   13.072515] amdgpu 0000:03:00.0: amdgpu: SE 2, SH per SE 1, CU per SH 8,
active_cu_number 14
[   13.076889] amdgpu 0000:03:00.0: amdgpu: Using ATPX for runtime pm
[   13.077203] amdgpu 0000:03:00.0: [drm] Registered 5 planes with drm pani=
c
[   13.077206] [drm] Initialized amdgpu 3.63.0 for 0000:03:00.0 on minor 1
[   13.246645] ISO 9660 Extensions: Microsoft Joliet Level 3
[   13.247455] ISO 9660 Extensions: RRIP_1991A
[   38.703983] loop: module loaded
[   38.704839] loop0: detected capacity change from 0 to 1930608
[   38.728074] squashfs: version 4.0 (2009/01/31) Phillip Lougher
[   38.752721] overlayfs: "xino" feature enabled using 2 upper inode bits.
[   39.796919] systemd[1]: systemd 257.7-1-arch running in system mode
(+PAM +AUDIT -SELINUX -APPARMOR -IMA +IPE +SMACK +SECCOMP +GCRYPT +GNUTLS
+OPENSSL +ACL +BLKID +CURL +ELFUTILS +FIDO2 +IDN2 -IDN +IPTC +KMOD
+LIBCRYPTSETUP +LIBCRYPTSETUP_PLUGINS +LIBFDISK +PCRE2 +PWQUALITY +P11KIT
+QRENCODE +TPM2 +BZIP2 +LZ4 +XZ +ZLIB +ZSTD +BPF_FRAMEWORK +BTF +XKBCOMMON
+UTMP -SYSVINIT +LIBARCHIVE)
[   39.796930] systemd[1]: Detected architecture x86-64.
[   39.823976] systemd[1]: Detected first boot.
[   39.851785] systemd[1]: Hostname set to <archiso>.
[   39.853192] systemd[1]: Initializing machine ID from random generator.
[   40.052281] systemd[1]: bpf-restrict-fs: LSM BPF program attached
[   40.976009] systemd[1]: Populated /etc with preset unit settings.
[   41.249961] systemd[1]: Queued start job for default target Graphical
Interface.
[   41.281971] systemd[1]: Created slice Slice /system/dirmngr.
[   41.282882] systemd[1]: Created slice Slice /system/getty.
[   41.284648] systemd[1]: Created slice Slice /system/gpg-agent.
[   41.285841] systemd[1]: Created slice Slice /system/gpg-agent-browser.
[   41.286996] systemd[1]: Created slice Slice /system/gpg-agent-extra.
[   41.287716] systemd[1]: Created slice Slice /system/gpg-agent-ssh.
[   41.288318] systemd[1]: Created slice Slice /system/keyboxd.
[   41.288918] systemd[1]: Created slice Slice /system/modprobe.
[   41.289315] systemd[1]: Created slice User and Session Slice.
[   41.289436] systemd[1]: Started Dispatch Password Requests to Console
Directory Watch.
[   41.289525] systemd[1]: Started Forward Password Requests to Wall
Directory Watch.
[   41.289755] systemd[1]: Set up automount Arbitrary Executable File
Formats File System Automount Point.
[   41.289838] systemd[1]: Reached target Local Encrypted Volumes.
[   41.289893] systemd[1]: Reached target Local Integrity Protected Volumes=
.
[   41.289957] systemd[1]: Reached target Path Units.
[   41.290003] systemd[1]: Reached target Remote Encrypted Volumes.
[   41.290046] systemd[1]: Reached target Remote File Systems.
[   41.290088] systemd[1]: Reached target Slice Units.
[   41.290133] systemd[1]: Reached target Swaps.
[   41.290194] systemd[1]: Reached target Local Verity Protected Volumes.
[   41.290345] systemd[1]: Listening on Device-mapper event daemon FIFOs.
[   41.290505] systemd[1]: Listening on LVM2 poll daemon socket.
[   41.293056] systemd[1]: Listening on Process Core Dump Socket.
[   41.295092] systemd[1]: Listening on Credential Encryption/Decryption.
[   41.296255] systemd[1]: Listening on Journal Audit Socket.
[   41.297215] systemd[1]: Listening on Journal Socket (/dev/log).
[   41.298197] systemd[1]: Listening on Journal Sockets.
[   41.299149] systemd[1]: Listening on DDI File System Mounter Socket.
[   41.300153] systemd[1]: Listening on Network Service Netlink Socket.
[   41.301089] systemd[1]: Listening on Namespace Resource Manager Socket.
[   41.302717] systemd[1]: TPM PCR Measurements was skipped because of an
unmet condition check (ConditionSecurity=3Dmeasured-uki).
[   41.302752] systemd[1]: Make TPM PCR Policy was skipped because of an
unmet condition check (ConditionSecurity=3Dmeasured-uki).
[   41.302983] systemd[1]: Listening on udev Control Socket.
[   41.304020] systemd[1]: Listening on udev Kernel Socket.
[   41.304977] systemd[1]: Listening on User Database Manager Socket.
[   41.334376] systemd[1]: Mounting Huge Pages File System...
[   41.336423] systemd[1]: Mounting POSIX Message Queue File System...
[   41.338750] systemd[1]: Mounting Kernel Debug File System...
[   41.341644] systemd[1]: Mounting Kernel Trace File System...
[   41.352931] systemd[1]: Mounting Temporary Directory /tmp...
[   41.388053] systemd[1]: Starting Create List of Static Device Nodes...
[   41.392292] systemd[1]: Starting Monitoring of LVM2 mirrors, snapshots
etc. using dmeventd or progress polling...
[   41.404000] systemd[1]: Starting Load Kernel Module configfs...
[   41.408710] systemd[1]: Starting Load Kernel Module dm_mod...
[   41.412758] systemd[1]: Starting Load Kernel Module drm...
[   41.416714] systemd[1]: Starting Load Kernel Module efi_pstore...
[   41.420542] systemd[1]: Starting Load Kernel Module fuse...
[   41.424746] systemd[1]: Starting Load Kernel Module loop...
[   41.425545] systemd[1]: Clear Stale Hibernate Storage Info was skipped
because of an unmet condition check
(ConditionPathExists=3D/sys/firmware/efi/efivars/HibernateLocation-8cf2644b=
-4b0b-428f-9387-6d876050dc67).
[   41.427870] systemd[1]: Starting Journal Service...
[   41.478513] device-mapper: uevent: version 1.0.3
[   41.478617] device-mapper: ioctl: 4.49.0-ioctl (2025-01-17) initialised:
dm-devel@lists.linux.dev
[   41.496155] systemd[1]: Starting Load Kernel Modules...
[   41.499380] systemd[1]: Starting Generate network units from Kernel
command line...
[   41.500151] systemd[1]: TPM PCR Machine ID Measurement was skipped
because of an unmet condition check (ConditionSecurity=3Dmeasured-uki).
[   41.505724] systemd[1]: Starting Remount Root and Kernel File Systems...
[   41.510052] systemd[1]: Starting Wait Until Kernel Time Synchronized...
[   41.512642] systemd[1]: Early TPM SRK Setup was skipped because of an
unmet condition check (ConditionSecurity=3Dmeasured-uki).
[   41.517044] systemd[1]: Starting Load udev Rules from Credentials...
[   41.523720] systemd[1]: Starting Coldplug All udev Devices...
[   41.529298] systemd[1]: Mounted Huge Pages File System.
[   41.530141] systemd[1]: Mounted POSIX Message Queue File System.
[   41.530969] systemd[1]: Mounted Kernel Debug File System.
[   41.531777] systemd[1]: Mounted Kernel Trace File System.
[   41.532578] systemd[1]: Mounted Temporary Directory /tmp.
[   41.533598] systemd[1]: Finished Create List of Static Device Nodes.
[   41.534700] systemd[1]: modprobe@configfs.service: Deactivated
successfully.
[   41.534952] systemd[1]: Finished Load Kernel Module configfs.
[   41.536271] systemd[1]: modprobe@dm_mod.service: Deactivated
successfully.
[   41.536511] systemd[1]: Finished Load Kernel Module dm_mod.
[   41.537667] systemd[1]: modprobe@drm.service: Deactivated successfully.
[   41.537873] systemd[1]: Finished Load Kernel Module drm.
[   41.538924] systemd[1]: modprobe@efi_pstore.service: Deactivated
successfully.
[   41.539163] systemd[1]: Finished Load Kernel Module efi_pstore.
[   41.540144] systemd[1]: modprobe@fuse.service: Deactivated successfully.
[   41.540351] systemd[1]: Finished Load Kernel Module fuse.
[   41.541396] systemd[1]: modprobe@loop.service: Deactivated successfully.
[   41.541886] systemd[1]: Finished Load Kernel Module loop.
[   41.543999] systemd[1]: Mounting FUSE Control File System...
[   41.545733] systemd[1]: Mounting Kernel Configuration File System...
[   41.637133] systemd[1]: Repartition Root Disk was skipped because no
trigger condition checks were met.
[   41.638535] systemd[1]: Starting Create Static Device Nodes in /dev
gracefully...
[   41.642840] systemd[1]: Finished Generate network units from Kernel
command line.
[   41.644718] systemd[1]: Finished Remount Root and Kernel File Systems.
[   41.645605] systemd[1]: Mounted FUSE Control File System.
[   41.646435] systemd[1]: Mounted Kernel Configuration File System.
[   41.647297] systemd[1]: Reached target Preparation for Network.
[   41.655628] systemd-journald[532]: Collecting audit messages is enabled.
[   41.757073] systemd[1]: Rebuild Hardware Database was skipped because no
trigger condition checks were met.
[   41.757166] systemd[1]: Platform Persistent Storage Archival was skipped
because of an unmet condition check
(ConditionDirectoryNotEmpty=3D/sys/fs/pstore).
[   41.760184] systemd[1]: Starting Load/Save OS Random Seed...
[   41.763578] systemd[1]: TPM SRK Setup was skipped because of an unmet
condition check (ConditionSecurity=3Dmeasured-uki).
[   41.764402] systemd[1]: Started Journal Service.
[   41.765310] audit: type=3D1130 audit(1770273939.755:2): pid=3D1 uid=3D0
auid=3D4294967295 ses=3D4294967295 msg=3D'unit=3Dsystemd-journald comm=3D"s=
ystemd"
exe=3D"/usr/lib/systemd/systemd" hostname=3D? addr=3D? terminal=3D? res=3Ds=
uccess'
[   41.777524] audit: type=3D1130 audit(1770273939.767:3): pid=3D1 uid=3D0
auid=3D4294967295 ses=3D4294967295 msg=3D'unit=3Dsystemd-udev-load-credenti=
als
comm=3D"systemd" exe=3D"/usr/lib/systemd/systemd" hostname=3D? addr=3D? ter=
minal=3D?
res=3Dsuccess'
[   41.805393] Asymmetric key parser 'pkcs8' registered
[   41.807525] audit: type=3D1130 audit(1770273939.797:4): pid=3D1 uid=3D0
auid=3D4294967295 ses=3D4294967295 msg=3D'unit=3Dsystemd-modules-load
comm=3D"systemd" exe=3D"/usr/lib/systemd/systemd" hostname=3D? addr=3D? ter=
minal=3D?
res=3Dsuccess'
[   41.892147] audit: type=3D1130 audit(1770273939.882:5): pid=3D1 uid=3D0
auid=3D4294967295 ses=3D4294967295 msg=3D'unit=3Dsystemd-random-seed comm=
=3D"systemd"
exe=3D"/usr/lib/systemd/systemd" hostname=3D? addr=3D? terminal=3D? res=3Ds=
uccess'
[   41.902735] audit: type=3D1130 audit(1770273939.893:6): pid=3D1 uid=3D0
auid=3D4294967295 ses=3D4294967295 msg=3D'unit=3Dsystemd-udev-trigger
comm=3D"systemd" exe=3D"/usr/lib/systemd/systemd" hostname=3D? addr=3D? ter=
minal=3D?
res=3Dsuccess'
[   41.986332] systemd-journald[532]: Received client request to flush
runtime journal.
[   41.989019] audit: type=3D1130 audit(1770273939.979:7): pid=3D1 uid=3D0
auid=3D4294967295 ses=3D4294967295 msg=3D'unit=3Dsystemd-journal-flush
comm=3D"systemd" exe=3D"/usr/lib/systemd/systemd" hostname=3D? addr=3D? ter=
minal=3D?
res=3Dsuccess'
[   42.044719] audit: type=3D1130 audit(1770273940.035:8): pid=3D1 uid=3D0
auid=3D4294967295 ses=3D4294967295 msg=3D'unit=3Dsystemd-sysctl comm=3D"sys=
temd"
exe=3D"/usr/lib/systemd/systemd" hostname=3D? addr=3D? terminal=3D? res=3Ds=
uccess'
[   42.070815] audit: type=3D1334 audit(1770273940.061:9): prog-id=3D25 op=
=3DLOAD
[   42.070922] audit: type=3D1334 audit(1770273940.061:10): prog-id=3D26 op=
=3DLOAD
[   42.070954] audit: type=3D1334 audit(1770273940.061:11): prog-id=3D27 op=
=3DLOAD
[   43.619692] cfg80211: Loading compiled-in X.509 certificates for
regulatory database
[   43.627913] r8169 0000:02:00.0 enp2s0: renamed from eth0
[   43.677599] Loaded X.509 cert 'sforshee: 00b28ddf47aef9cea7'
[   43.677819] Loaded X.509 cert 'wens:
61c038651aabdcf94bd0ac7ff06c7248db18c600'
[   43.697124] input: DELL Wireless hotkeys as
/devices/virtual/input/input19
[   43.737974] dcdbas dcdbas: Dell Systems Management Base Driver (version
5.6.0-3.4)
[   43.745928] dell-smbios A80593CE-A997-11DA-B012-B622A1EF5492: WMI SMBIOS
userspace interface not supported(0), try upgrading to a newer BIOS
[   43.816760] piix4_smbus 0000:00:14.0: SMBus Host Controller at 0xb00,
revision 0
[   43.816768] piix4_smbus 0000:00:14.0: Using register 0x02 for SMBus port
selection
[   43.817734] i2c i2c-5: Successfully instantiated SPD at 0x50
[   43.818332] i2c i2c-5: Successfully instantiated SPD at 0x51
[   43.818396] piix4_smbus 0000:00:14.0: Auxiliary SMBus Host Controller at
0xb20
[   43.840460] input: PC Speaker as /devices/platform/pcspkr/input/input21
[   43.937251] input: ELAN1010:00 04F3:3012 Mouse as
/devices/platform/AMD0010:00/i2c-0/i2c-ELAN1010:00/0018:04F3:3012.0001/inpu=
t/input22
[   43.937466] input: ELAN1010:00 04F3:3012 Touchpad as
/devices/platform/AMD0010:00/i2c-0/i2c-ELAN1010:00/0018:04F3:3012.0001/inpu=
t/input23
[   43.937555] hid-generic 0018:04F3:3012.0001: input,hidraw0: I2C HID
v1.00 Mouse [ELAN1010:00 04F3:3012] on i2c-ELAN1010:00
[   44.100710] psmouse serio1: elantech: assuming hardware version 4 (with
firmware version 0x4d5f02)
[   44.113931] psmouse serio1: elantech: Synaptics capabilities query
result 0x00, 0x15, 0x10.
[   44.127739] psmouse serio1: elantech: Elan sample query result 0c, 02, 7=
5
[   44.205227] input: ETPS/2 Elantech Touchpad as
/devices/platform/i8042/serio1/input/input20
[   44.254176] input: Dell WMI hotkeys as
/devices/platform/PNP0C14:00/wmi_bus/wmi_bus-PNP0C14:00/9DBB5994-A997-11DA-=
B012-B622A1EF5492/input/input24
[   44.254735] Bluetooth: Core ver 2.22
[   44.254779] NET: Registered PF_BLUETOOTH protocol family
[   44.254781] Bluetooth: HCI device and connection manager initialized
[   44.254787] Bluetooth: HCI socket layer initialized
[   44.254790] Bluetooth: L2CAP socket layer initialized
[   44.254794] Bluetooth: SCO socket layer initialized
[   44.299869] mousedev: PS/2 mouse device common for all mice
[   44.412234] input: ELAN1010:00 04F3:3012 Mouse as
/devices/platform/AMD0010:00/i2c-0/i2c-ELAN1010:00/0018:04F3:3012.0001/inpu=
t/input25
[   44.413714] input: ELAN1010:00 04F3:3012 Touchpad as
/devices/platform/AMD0010:00/i2c-0/i2c-ELAN1010:00/0018:04F3:3012.0001/inpu=
t/input26
[   44.414881] hid-multitouch 0018:04F3:3012.0001: input,hidraw0: I2C HID
v1.00 Mouse [ELAN1010:00 04F3:3012] on i2c-ELAN1010:00
[   44.424240] usbcore: registered new interface driver btusb
[   44.428215] sp5100_tco: SP5100/SB800 TCO WatchDog Timer Driver
[   44.428339] sp5100-tco sp5100-tco: Using 0xfed80b00 for watchdog MMIO
address
[   44.428345] sp5100-tco sp5100-tco: Watchdog hardware is disabled
[   44.609556] Bluetooth: hci0: using rampatch file:
qca/rampatch_usb_00000302.bin
[   44.609564] Bluetooth: hci0: QCA: patch rome 0x302 build 0x3e8, firmware
rome 0x302 build 0x111
[   44.644988] ee1004 5-0050: 512 byte EE1004-compliant SPD EEPROM,
read-only
[   44.646910] ee1004 5-0051: 512 byte EE1004-compliant SPD EEPROM,
read-only
[   44.741832] ath10k_pci 0000:01:00.0: pci irq msi oper_irq_mode 2
irq_mode 0 reset_mode 0
[   44.793889] snd_hda_intel 0000:00:01.1: Force to non-snoop mode
[   44.836727] snd_hda_intel 0000:00:01.1: bound 0000:00:01.0 (ops
amdgpu_dm_audio_component_bind_ops [amdgpu])
[   44.849685] input: HDA ATI HDMI HDMI/DP,pcm=3D3 as
/devices/pci0000:00/0000:00:01.1/sound/card0/input27
[   44.877404] snd_hda_codec_realtek hdaudioC1D0: ALC3246: picked fixup
 (pin match)
[   44.910881] snd_hda_codec_realtek hdaudioC1D0: autoconfig for ALC3246:
line_outs=3D1 (0x14/0x0/0x0/0x0/0x0) type:speaker
[   44.910896] snd_hda_codec_realtek hdaudioC1D0:    speaker_outs=3D0
(0x0/0x0/0x0/0x0/0x0)
[   44.910899] snd_hda_codec_realtek hdaudioC1D0:    hp_outs=3D1
(0x21/0x0/0x0/0x0/0x0)
[   44.910902] snd_hda_codec_realtek hdaudioC1D0:    mono: mono_out=3D0x0
[   44.910904] snd_hda_codec_realtek hdaudioC1D0:    inputs:
[   44.910905] snd_hda_codec_realtek hdaudioC1D0:      Internal Mic=3D0x12
[   44.910907] snd_hda_codec_realtek hdaudioC1D0:      Headset Mic=3D0x19
[   44.910910] snd_hda_codec_realtek hdaudioC1D0:      Headphone Mic=3D0x1a
[   44.932611] wl: loading out-of-tree module taints kernel.
[   44.932621] wl: module license 'MIXED/Proprietary' taints kernel.
[   44.932622] Disabling lock debugging due to kernel taint
[   44.932624] wl: module verification failed: signature and/or required
key missing - tainting kernel
[   44.932625] wl: module license taints kernel.
[   44.976558] You are using the broadcom-wl driver, which is not
maintained and is incompatible with Linux kernel security mitigations. It
is heavily recommended to replace the hardware and remove the driver.
Proceed at your own risk!
[   44.976566] ------------[ cut here ]------------
[   44.976568] Unpatched return thunk in use. This should not happen!
[   44.976573] WARNING: CPU: 1 PID: 637 at arch/x86/kernel/cpu/bugs.c:3230
__warn_thunk+0x2a/0x40
[   44.976583] Modules linked in: wl(POE+) kvm snd_hda_codec_realtek(+)
snd_hda_codec_generic snd_hda_scodec_component irqbypass snd_hda_codec_hdmi
snd_hda_intel snd_intel_dspcfg snd_intel_sdw_acpi dell_pc ath10k_pci
snd_ctl_led snd_hda_codec snd_hda_core snd_hwdep ath10k_core snd_pcm
snd_timer ath ee1004 snd polyval_clmulni soundcore platform_profile
mac80211 rtsx_usb_ms libarc4 polyval_generic sp5100_tco dell_laptop btusb
joydev hid_multitouch memstick mousedev ghash_clmulni_intel btrtl btintel
btbcm btmtk dell_wmi dell_smm_hwmon bluetooth sparse_keymap sha1_ssse3
pcspkr i2c_piix4 i2c_hid_acpi dell_smbios dcdbas dell_wmi_descriptor
dell_rbtn psmouse wmi_bmof i2c_hid i2c_smbus fam15h_power k10temp cfg80211
mac_hid rfkill pkcs8_key_parser dm_mod nfnetlink ip_tables x_tables overlay
squashfs loop isofs cdrom amdgpu amdxcp gpu_sched rtsx_usb_sdmmc
drm_panel_backlight_quirks drm_buddy mmc_core drm_exec sha512_ssse3
drm_suballoc_helper sha256_ssse3 r8169 drm_ttm_helper aesni_intel realtek
ttm crypto_simd cryptd i2c_algo_bit
[   44.976646]  mdio_devres uas serio_raw rtsx_usb drm_display_helper
libphy usb_storage cec video wmi
[   44.976657] CPU: 1 UID: 0 PID: 637 Comm: (udev-worker) Tainted: P
    OE       6.15.4-arch2-1 #1 PREEMPT(full)
 bf56011d6043294f437da1888a30a6d02e6dd116
[   44.976663] Tainted: [P]=3DPROPRIETARY_MODULE, [O]=3DOOT_MODULE,
[E]=3DUNSIGNED_MODULE
[   44.976665] Hardware name: Dell Inc. Inspiron 5576/0JW8XC, BIOS 1.0.7
01/29/2018
[   44.976675] RIP: 0010:__warn_thunk+0x2a/0x40
[   44.976679] Code: 66 0f 1f 00 0f 1f 44 00 00 80 3d 8c 23 59 02 00 74 05
e9 59 05 04 01 48 c7 c7 d8 89 59 96 c6 05 77 23 59 02 01 e8 e6 bc 06 00
<0f> 0b e9 3f 05 04 01 66 2e 0f 1f 84 00 00 00 00 00 0f 1f 44 00 00
[   44.976681] RSP: 0018:ffffd08642e8fbb8 EFLAGS: 00010246
[   44.976684] RAX: 0000000000000000 RBX: 0000000000000000 RCX:
0000000000000027
[   44.976685] RDX: ffff8c59a0c9cbc8 RSI: 0000000000000001 RDI:
ffff8c59a0c9cbc0
[   44.976687] RBP: ffffd08642e8fc08 R08: 0000000000000000 R09:
00000000ffffefff
[   44.976688] R10: ffffffff97060f20 R11: ffffd08642e8fa50 R12:
ffffffffc26a9b05
[   44.976690] R13: ffffffffc0ffc010 R14: 00007f2ff056d2f2 R15:
0000000000000000
[   44.976692] FS:  00007f2ff2053880(0000) GS:ffff8c5a08faf000(0000)
knlGS:0000000000000000
[   44.976694] CS:  0010 DS: 0000 ES: 0000 CR0: 0000000080050033
[   44.976695] CR2: 00007fb941b1a000 CR3: 0000000119d1b000 CR4:
00000000001506f0
[   44.976697] Call Trace:
[   44.976700]  <TASK>
[   44.976701]  warn_thunk_thunk+0x16/0x30
[   44.976714]  getvar+0x20/0x70 [wl
549af82e86b3a0529f547b91bef45f08130629c2]
[   44.976790]  ? __UNIQUE_ID_vermagic475+0x2f797d40943c/0x2f797d40943c [wl
549af82e86b3a0529f547b91bef45f08130629c2]
[   44.976826]  wl_module_init+0x23/0xb0 [wl
549af82e86b3a0529f547b91bef45f08130629c2]
[   44.976861]  ? do_one_initcall+0x5b/0x300
[   44.976865]  ? do_init_module+0x62/0x240
[   44.976870]  ? init_module_from_file+0x8a/0xe0
[   44.976874]  ? idempotent_init_module+0x114/0x310
[   44.976878]  ? __x64_sys_finit_module+0x67/0xc0
[   44.976881]  ? do_syscall_64+0x7b/0x810
[   44.976887]  ? switch_fpu_return+0x4e/0xd0
[   44.976890]  ? arch_exit_to_user_mode_prepare.isra.0+0x7c/0x90
[   44.976892]  ? syscall_exit_to_user_mode+0x37/0x1c0
[   44.976895]  ? do_syscall_64+0x87/0x810
[   44.976897]  ? irqentry_exit_to_user_mode+0x2c/0x1b0
[   44.976900]  ? entry_SYSCALL_64_after_hwframe+0x76/0x7e
[   44.976904]  </TASK>
[   44.976905] ---[ end trace 0000000000000000 ]---
[   45.062865] Bluetooth: hci0: using NVM file: qca/nvm_usb_00000302.bin
[   45.085789] Bluetooth: hci0: HCI Enhanced Setup Synchronous Connection
command is advertised, but not supported.
[   45.088568] ath10k_pci 0000:01:00.0: qca9377 hw1.1 target 0x05020001
chip_id 0x003821ff sub 1028:1810
[   45.088576] ath10k_pci 0000:01:00.0: kconfig debug 1 debugfs 1 tracing 1
dfs 0 testmode 0
[   45.088699] ath10k_pci 0000:01:00.0: firmware ver
WLAN.TF.2.1-00021-QCARMSWP-1 api 6 features wowlan,ignore-otp crc32 42e4187=
7
[   45.093607] kvm_amd: TSC scaling supported
[   45.093614] kvm_amd: Nested Virtualization enabled
[   45.093615] kvm_amd: Nested Paging enabled
[   45.093617] kvm_amd: LBR virtualization supported
[   45.093622] kvm_amd: Virtual GIF supported
[   45.103555] Generic FE-GE Realtek PHY r8169-0-200:00: attached PHY
driver (mii_bus:phy_addr=3Dr8169-0-200:00, irq=3DMAC)
[   45.108806] input: HD-Audio Generic Headphone Mic as
/devices/pci0000:00/0000:00:09.2/sound/card1/input28
[   45.159204] ath10k_pci 0000:01:00.0: board_file api 2 bmi_id N/A crc32
8aedfa4a
[   45.270679] r8169 0000:02:00.0 enp2s0: Link is Down
[   45.329901] ath10k_pci 0000:01:00.0: htt-ver 3.56 wmi-op 4 htt-op 3 cal
otp max-sta 32 raw 0 hwcrypto 1
[   45.388418] ath: EEPROM regdomain: 0x6c
[   45.388426] ath: EEPROM indicates we should expect a direct regpair map
[   45.388428] ath: Country alpha2 being used: 00
[   45.388430] ath: Regpair used: 0x6c
[   48.966269] kauditd_printk_skb: 132 callbacks suppressed
[   48.966274] audit: type=3D1130 audit(1770273946.956:86): pid=3D1 uid=3D0
auid=3D4294967295 ses=3D4294967295 msg=3D'unit=3Dldconfig comm=3D"systemd"
exe=3D"/usr/lib/systemd/systemd" hostname=3D? addr=3D? terminal=3D? res=3Ds=
uccess'
[   49.011037] audit: type=3D1130 audit(1770273947.001:87): pid=3D1 uid=3D0
auid=3D4294967295 ses=3D4294967295 msg=3D'unit=3Dsystemd-update-done comm=
=3D"systemd"
exe=3D"/usr/lib/systemd/systemd" hostname=3D? addr=3D? terminal=3D? res=3Ds=
uccess'
[   49.027087] audit: type=3D1334 audit(1770273947.017:88): prog-id=3D54 op=
=3DLOAD
[   49.113344] audit: type=3D1130 audit(1770273947.103:89): pid=3D1 uid=3D0
auid=3D4294967295 ses=3D4294967295 msg=3D'unit=3Ddbus-broker comm=3D"system=
d"
exe=3D"/usr/lib/systemd/systemd" hostname=3D? addr=3D? terminal=3D? res=3Ds=
uccess'
[   49.119593] audit: type=3D1334 audit(1770273947.110:90): prog-id=3D55 op=
=3DLOAD
[   49.123271] audit: type=3D1334 audit(1770273947.113:91): prog-id=3D56 op=
=3DLOAD
[   49.136111] audit: type=3D1334 audit(1770273947.126:92): prog-id=3D57 op=
=3DLOAD
[   49.141195] audit: type=3D1334 audit(1770273947.131:93): prog-id=3D58 op=
=3DLOAD
[   49.141619] audit: type=3D1334 audit(1770273947.131:94): prog-id=3D59 op=
=3DLOAD
[   49.141649] audit: type=3D1334 audit(1770273947.131:95): prog-id=3D60 op=
=3DLOAD
[   49.273168] NET: Registered PF_ALG protocol family
[   49.621612] NET: Registered PF_QIPCRTR protocol family
[   54.984555] kauditd_printk_skb: 13 callbacks suppressed
[   54.984561] audit: type=3D1101 audit(1770273952.974:109): pid=3D866 uid=
=3D0
auid=3D4294967295 ses=3D4294967295 msg=3D'op=3DPAM:accounting
grantors=3Dpam_access,pam_unix,pam_permit,pam_time acct=3D"root"
exe=3D"/usr/bin/login" hostname=3Darchiso addr=3D? terminal=3D/dev/tty1 res=
=3Dsuccess'
[   55.011362] audit: type=3D1103 audit(1770273953.001:110): pid=3D866 uid=
=3D0
auid=3D4294967295 ses=3D4294967295 msg=3D'op=3DPAM:setcred
grantors=3Dpam_shells,pam_faillock,pam_permit,pam_env,pam_faillock
acct=3D"root" exe=3D"/usr/bin/login" hostname=3Darchiso addr=3D? terminal=
=3D/dev/tty1
res=3Dsuccess'
[   55.011406] audit: type=3D1006 audit(1770273953.001:111): pid=3D866 uid=
=3D0
old-auid=3D4294967295 auid=3D0 tty=3Dtty1 old-ses=3D4294967295 ses=3D1 res=
=3D1
[   55.011417] audit: type=3D1300 audit(1770273953.001:111): arch=3Dc000003=
e
syscall=3D1 success=3Dyes exit=3D1 a0=3D3 a1=3D7ffc79f80020 a2=3D1 a3=3D0 i=
tems=3D0 ppid=3D1
pid=3D866 auid=3D0 uid=3D0 gid=3D0 euid=3D0 suid=3D0 fsuid=3D0 egid=3D0 sgi=
d=3D0 fsgid=3D0
tty=3Dtty1 ses=3D1 comm=3D"login" exe=3D"/usr/bin/login" key=3D(null)
[   55.011421] audit: type=3D1327 audit(1770273953.001:111):
proctitle=3D2F62696E2F6C6F67696E002D70002D66002D2D
[   55.104082] audit: type=3D1130 audit(1770273953.094:112): pid=3D1 uid=3D=
0
auid=3D4294967295 ses=3D4294967295 msg=3D'unit=3Duser-runtime-dir@0 comm=3D=
"systemd"
exe=3D"/usr/lib/systemd/systemd" hostname=3D? addr=3D? terminal=3D? res=3Ds=
uccess'
[   55.127409] audit: type=3D1101 audit(1770273953.117:113): pid=3D876 uid=
=3D0
auid=3D4294967295 ses=3D4294967295 msg=3D'op=3DPAM:accounting
grantors=3Dpam_access,pam_unix,pam_permit,pam_time acct=3D"root"
exe=3D"/usr/lib/systemd/systemd-executor" hostname=3D? addr=3D? terminal=3D=
?
res=3Dsuccess'
[   55.127469] audit: type=3D1103 audit(1770273953.117:114): pid=3D876 uid=
=3D0
auid=3D4294967295 ses=3D4294967295 msg=3D'op=3DPAM:setcred grantors=3D? acc=
t=3D"root"
exe=3D"/usr/lib/systemd/systemd-executor" hostname=3D? addr=3D? terminal=3D=
?
res=3Dfailed'
[   55.127547] audit: type=3D1006 audit(1770273953.118:115): pid=3D876 uid=
=3D0
old-auid=3D4294967295 auid=3D0 tty=3D(none) old-ses=3D4294967295 ses=3D2 re=
s=3D1
[   55.127551] audit: type=3D1300 audit(1770273953.118:115): arch=3Dc000003=
e
syscall=3D1 success=3Dyes exit=3D1 a0=3D8 a1=3D7ffffa356ae0 a2=3D1 a3=3D0 i=
tems=3D0 ppid=3D1
pid=3D876 auid=3D0 uid=3D0 gid=3D0 euid=3D0 suid=3D0 fsuid=3D0 egid=3D0 sgi=
d=3D0 fsgid=3D0
tty=3D(none) ses=3D2 comm=3D"(systemd)" exe=3D"/usr/lib/systemd/systemd-exe=
cutor"
key=3D(null)
[  156.754056] PM: suspend entry (deep)
[  156.754099] Filesystems sync: 0.000 seconds
[  156.757908] Freezing user space processes
[  156.759436] Freezing user space processes completed (elapsed 0.001
seconds)
[  156.759450] OOM killer disabled.
[  156.759452] Freezing remaining freezable tasks
[  156.760785] Freezing remaining freezable tasks completed (elapsed 0.001
seconds)
[  156.760851] printk: Suspending console(s) (use no_console_suspend to
debug)
[  156.950461] ------------[ cut here ]------------
[  156.950468] WARNING: CPU: 2 PID: 944 at
drivers/gpu/drm/amd/amdgpu/../display/amdgpu_dm/amdgpu_dm.c:3008
dm_prepare_suspend+0x44/0x50 [amdgpu]
[  156.951785] Modules linked in: ccm algif_aead qrtr crypto_null
des3_ede_x86_64 des_generic libdes algif_skcipher cmac md4 algif_hash
af_alg kvm_amd ccp wl(POE) kvm snd_hda_codec_realtek snd_hda_codec_generic
snd_hda_scodec_component irqbypass snd_hda_codec_hdmi snd_hda_intel
snd_intel_dspcfg snd_intel_sdw_acpi dell_pc ath10k_pci snd_ctl_led
snd_hda_codec snd_hda_core snd_hwdep ath10k_core snd_pcm snd_timer ath
ee1004 snd polyval_clmulni soundcore platform_profile mac80211 rtsx_usb_ms
libarc4 polyval_generic sp5100_tco dell_laptop btusb joydev hid_multitouch
memstick mousedev ghash_clmulni_intel btrtl btintel btbcm btmtk dell_wmi
dell_smm_hwmon bluetooth sparse_keymap sha1_ssse3 pcspkr i2c_piix4
i2c_hid_acpi dell_smbios dcdbas dell_wmi_descriptor dell_rbtn psmouse
wmi_bmof i2c_hid i2c_smbus fam15h_power k10temp cfg80211 mac_hid rfkill
pkcs8_key_parser dm_mod nfnetlink ip_tables x_tables overlay squashfs loop
isofs cdrom amdgpu amdxcp gpu_sched rtsx_usb_sdmmc
drm_panel_backlight_quirks drm_buddy mmc_core drm_exec
[  156.951859]  sha512_ssse3 drm_suballoc_helper sha256_ssse3 r8169
drm_ttm_helper aesni_intel realtek ttm crypto_simd cryptd i2c_algo_bit
mdio_devres uas serio_raw rtsx_usb drm_display_helper libphy usb_storage
cec video wmi
[  156.951881] CPU: 2 UID: 0 PID: 944 Comm: systemd-sleep Tainted: P
 W  OE       6.15.4-arch2-1 #1 PREEMPT(full)
 bf56011d6043294f437da1888a30a6d02e6dd116
[  156.951887] Tainted: [P]=3DPROPRIETARY_MODULE, [W]=3DWARN, [O]=3DOOT_MOD=
ULE,
[E]=3DUNSIGNED_MODULE
[  156.951889] Hardware name: Dell Inc. Inspiron 5576/0JW8XC, BIOS 1.0.7
01/29/2018
[  156.951891] RIP: 0010:dm_prepare_suspend+0x44/0x50 [amdgpu]
[  156.953187] Code: 48 83 bb 60 6c 04 00 00 75 20 48 8d 7b 10 e8 23 0b d0
d4 48 89 83 60 6c 04 00 48 3d 00 f0 ff ff 77 02 31 c0 5b e9 8c 80 1e d5
<0f> 0b eb dc 0f 1f 84 00 00 00 00 00 90 90 90 90 90 90 90 90 90 90
[  156.953189] RSP: 0018:ffffd0864370ba98 EFLAGS: 00010282
[  156.953192] RAX: 0000000000000000 RBX: ffff8c5717d00000 RCX:
0000000000000000
[  156.953194] RDX: ffff8c5718043600 RSI: 000000007fffffff RDI:
ffff8c5717d00000
[  156.953195] RBP: 0000000000000006 R08: ffffd0864370b9e0 R09:
ffff8c5717d0fb68
[  156.953196] R10: ffff8c5717d0fb08 R11: 0000000000000000 R12:
ffff8c5717d00010
[  156.953197] R13: 0000000000000000 R14: 0000000000000002 R15:
000000007f89bb00
[  156.953198] FS:  00007fa0da923880(0000) GS:ffff8c5a0902f000(0000)
knlGS:0000000000000000
[  156.953200] CS:  0010 DS: 0000 ES: 0000 CR0: 0000000080050033
[  156.953201] CR2: 000055a701f39168 CR3: 000000010f832000 CR4:
00000000001506f0
[  156.953203] Call Trace:
[  156.953210]  <TASK>
[  156.953215]  amdgpu_device_prepare+0x8b/0xc0 [amdgpu
fd2a24652620738c2ec44a27ca03228c2099e273]
[  156.954448]  pci_pm_prepare+0x2c/0x70
[  156.954457]  dpm_prepare+0x166/0x4d0
[  156.954463]  ? __pfx_pci_pm_prepare+0x10/0x10
[  156.954466]  dpm_suspend_start+0x1e/0x60
[  156.954468]  suspend_devices_and_enter+0x168/0x880
[  156.954474]  pm_suspend.cold+0x303/0x36b
[  156.954479]  state_store+0x6c/0xd0
[  156.954483]  kernfs_fop_write_iter+0x138/0x1f0
[  156.954488]  vfs_write+0x28e/0x470
[  156.954498]  ksys_write+0x73/0xe0
[  156.954501]  do_syscall_64+0x7b/0x810
[  156.954506]  ? __mod_memcg_lruvec_state+0xb1/0x1c0
[  156.954510]  ? __lruvec_stat_mod_folio+0x85/0xd0
[  156.954513]  ? __folio_mod_stat+0x2d/0x90
[  156.954517]  ? set_ptes.isra.0+0x36/0x80
[  156.954520]  ? do_anonymous_page+0xf7/0x8b0
[  156.954522]  ? ___pte_offset_map+0x1b/0x180
[  156.954525]  ? __handle_mm_fault+0xb46/0xfd0
[  156.954528]  ? __count_memcg_events+0xb0/0x150
[  156.954530]  ? count_memcg_events.constprop.0+0x1a/0x30
[  156.954532]  ? handle_mm_fault+0x1d2/0x2d0
[  156.954534]  ? do_user_addr_fault+0x21a/0x690
[  156.954538]  ? irqentry_exit_to_user_mode+0x2c/0x1b0
[  156.954542]  entry_SYSCALL_64_after_hwframe+0x76/0x7e
[  156.954545] RIP: 0033:0x7fa0da78a006
[  156.954569] Code: 5d e8 41 8b 93 08 03 00 00 59 5e 48 83 f8 fc 75 19 83
e2 39 83 fa 08 75 11 e8 26 ff ff ff 66 0f 1f 44 00 00 48 8b 45 10 0f 05
<48> 8b 5d f8 c9 c3 0f 1f 40 00 f3 0f 1e fa 55 48 89 e5 48 83 ec 08
[  156.954571] RSP: 002b:00007ffeb73d8e50 EFLAGS: 00000202 ORIG_RAX:
0000000000000001
[  156.954573] RAX: ffffffffffffffda RBX: 0000000000000004 RCX:
00007fa0da78a006
[  156.954575] RDX: 0000000000000004 RSI: 000055a701f39870 RDI:
0000000000000007
[  156.954576] RBP: 00007ffeb73d8e70 R08: 0000000000000000 R09:
0000000000000000
[  156.954577] R10: 0000000000000000 R11: 0000000000000202 R12:
0000000000000004
[  156.954578] R13: 000055a701f39870 R14: 000055a701f312a0 R15:
00007ffeb73d9000
[  156.954581]  </TASK>
[  156.954582] ---[ end trace 0000000000000000 ]---
[  157.188778] sd 0:0:0:0: [sda] Synchronizing SCSI cache
[  157.193757] ata1.00: Entering standby power mode
[  157.438247] [drm] PCIE GART of 256M enabled (table at
0x000000F4FFF80000).
[  157.707831] amdgpu 0000:03:00.0: [drm:amdgpu_ring_test_helper [amdgpu]]
*ERROR* ring comp_1.0.1 test failed (-110)
[  159.027308] [drm:uvd_v6_0_start [amdgpu]] *ERROR* UVD not responding,
trying to reset the VCPU!!!
[  160.048538] [drm:uvd_v6_0_start [amdgpu]] *ERROR* UVD not responding,
trying to reset the VCPU!!!
